Archive member included to satisfy reference by file (symbol)

c:/program files (x86)/atollic/truestudio for stm32 9.1.0/armtools/bin/../lib/gcc/arm-atollic-eabi/6.3.1/../../../../arm-atollic-eabi/lib/armv7-m\libc.a(lib_a-init.o)
                              src\startup_stm32f10x_md.o (__libc_init_array)
c:/program files (x86)/atollic/truestudio for stm32 9.1.0/armtools/bin/../lib/gcc/arm-atollic-eabi/6.3.1/../../../../arm-atollic-eabi/lib/armv7-m\libc.a(lib_a-memcmp.o)
                              src\gcode.o (memcmp)
c:/program files (x86)/atollic/truestudio for stm32 9.1.0/armtools/bin/../lib/gcc/arm-atollic-eabi/6.3.1/../../../../arm-atollic-eabi/lib/armv7-m\libc.a(lib_a-memset.o)
                              src\eeprom.o (memset)
c:/program files (x86)/atollic/truestudio for stm32 9.1.0/armtools/bin/../lib/gcc/arm-atollic-eabi/6.3.1/../../../../arm-atollic-eabi/lib/armv7-m\libm.a(lib_a-sf_ceil.o)
                              src\nuts_bolts.o (ceilf)
c:/program files (x86)/atollic/truestudio for stm32 9.1.0/armtools/bin/../lib/gcc/arm-atollic-eabi/6.3.1/../../../../arm-atollic-eabi/lib/armv7-m\libm.a(lib_a-sf_cos.o)
                              src\motion_control.o (cosf)
c:/program files (x86)/atollic/truestudio for stm32 9.1.0/armtools/bin/../lib/gcc/arm-atollic-eabi/6.3.1/../../../../arm-atollic-eabi/lib/armv7-m\libm.a(lib_a-sf_floor.o)
                              src\motion_control.o (floorf)
c:/program files (x86)/atollic/truestudio for stm32 9.1.0/armtools/bin/../lib/gcc/arm-atollic-eabi/6.3.1/../../../../arm-atollic-eabi/lib/armv7-m\libm.a(lib_a-sf_lround.o)
                              src\gcode.o (lroundf)
c:/program files (x86)/atollic/truestudio for stm32 9.1.0/armtools/bin/../lib/gcc/arm-atollic-eabi/6.3.1/../../../../arm-atollic-eabi/lib/armv7-m\libm.a(lib_a-sf_sin.o)
                              src\motion_control.o (sinf)
c:/program files (x86)/atollic/truestudio for stm32 9.1.0/armtools/bin/../lib/gcc/arm-atollic-eabi/6.3.1/../../../../arm-atollic-eabi/lib/armv7-m\libm.a(lib_a-wf_atan2.o)
                              src\motion_control.o (atan2f)
c:/program files (x86)/atollic/truestudio for stm32 9.1.0/armtools/bin/../lib/gcc/arm-atollic-eabi/6.3.1/../../../../arm-atollic-eabi/lib/armv7-m\libm.a(lib_a-wf_sqrt.o)
                              src\gcode.o (sqrtf)
c:/program files (x86)/atollic/truestudio for stm32 9.1.0/armtools/bin/../lib/gcc/arm-atollic-eabi/6.3.1/../../../../arm-atollic-eabi/lib/armv7-m\libm.a(lib_a-ef_atan2.o)
                              c:/program files (x86)/atollic/truestudio for stm32 9.1.0/armtools/bin/../lib/gcc/arm-atollic-eabi/6.3.1/../../../../arm-atollic-eabi/lib/armv7-m\libm.a(lib_a-wf_atan2.o) (__ieee754_atan2f)
c:/program files (x86)/atollic/truestudio for stm32 9.1.0/armtools/bin/../lib/gcc/arm-atollic-eabi/6.3.1/../../../../arm-atollic-eabi/lib/armv7-m\libm.a(lib_a-ef_rem_pio2.o)
                              c:/program files (x86)/atollic/truestudio for stm32 9.1.0/armtools/bin/../lib/gcc/arm-atollic-eabi/6.3.1/../../../../arm-atollic-eabi/lib/armv7-m\libm.a(lib_a-sf_cos.o) (__ieee754_rem_pio2f)
c:/program files (x86)/atollic/truestudio for stm32 9.1.0/armtools/bin/../lib/gcc/arm-atollic-eabi/6.3.1/../../../../arm-atollic-eabi/lib/armv7-m\libm.a(lib_a-ef_sqrt.o)
                              c:/program files (x86)/atollic/truestudio for stm32 9.1.0/armtools/bin/../lib/gcc/arm-atollic-eabi/6.3.1/../../../../arm-atollic-eabi/lib/armv7-m\libm.a(lib_a-wf_sqrt.o) (__ieee754_sqrtf)
c:/program files (x86)/atollic/truestudio for stm32 9.1.0/armtools/bin/../lib/gcc/arm-atollic-eabi/6.3.1/../../../../arm-atollic-eabi/lib/armv7-m\libm.a(lib_a-kf_cos.o)
                              c:/program files (x86)/atollic/truestudio for stm32 9.1.0/armtools/bin/../lib/gcc/arm-atollic-eabi/6.3.1/../../../../arm-atollic-eabi/lib/armv7-m\libm.a(lib_a-sf_cos.o) (__kernel_cosf)
c:/program files (x86)/atollic/truestudio for stm32 9.1.0/armtools/bin/../lib/gcc/arm-atollic-eabi/6.3.1/../../../../arm-atollic-eabi/lib/armv7-m\libm.a(lib_a-kf_rem_pio2.o)
                              c:/program files (x86)/atollic/truestudio for stm32 9.1.0/armtools/bin/../lib/gcc/arm-atollic-eabi/6.3.1/../../../../arm-atollic-eabi/lib/armv7-m\libm.a(lib_a-ef_rem_pio2.o) (__kernel_rem_pio2f)
c:/program files (x86)/atollic/truestudio for stm32 9.1.0/armtools/bin/../lib/gcc/arm-atollic-eabi/6.3.1/../../../../arm-atollic-eabi/lib/armv7-m\libm.a(lib_a-kf_sin.o)
                              c:/program files (x86)/atollic/truestudio for stm32 9.1.0/armtools/bin/../lib/gcc/arm-atollic-eabi/6.3.1/../../../../arm-atollic-eabi/lib/armv7-m\libm.a(lib_a-sf_cos.o) (__kernel_sinf)
c:/program files (x86)/atollic/truestudio for stm32 9.1.0/armtools/bin/../lib/gcc/arm-atollic-eabi/6.3.1/../../../../arm-atollic-eabi/lib/armv7-m\libm.a(lib_a-s_lib_ver.o)
[...]
Memory Configuration

Name             Origin             Length             Attributes
FLASH            0x08000000         0x00010000         xr
RAM              0x20000000         0x00005000         xrw
MEMORY_B1        0x60000000         0x00000000         xr
*default*        0x00000000         0xffffffff

Linker script and memory map

LOAD c:/program files (x86)/atollic/truestudio for stm32 9.1.0/armtools/bin/../lib/gcc/arm-atollic-eabi/6.3.1/armv7-m/crti.o
LOAD c:/program files (x86)/atollic/truestudio for stm32 9.1.0/armtools/bin/../lib/gcc/arm-atollic-eabi/6.3.1/armv7-m/crtbegin.o
LOAD Libraries\STM32F10x_StdPeriph_Driver\src\misc.o
LOAD Libraries\STM32F10x_StdPeriph_Driver\src\stm32f10x_adc.o
LOAD Libraries\STM32F10x_StdPeriph_Driver\src\stm32f10x_bkp.o
LOAD Libraries\STM32F10x_StdPeriph_Driver\src\stm32f10x_can.o
LOAD Libraries\STM32F10x_StdPeriph_Driver\src\stm32f10x_cec.o
LOAD Libraries\STM32F10x_StdPeriph_Driver\src\stm32f10x_crc.o
LOAD Libraries\STM32F10x_StdPeriph_Driver\src\stm32f10x_dac.o
LOAD Libraries\STM32F10x_StdPeriph_Driver\src\stm32f10x_dbgmcu.o
LOAD Libraries\STM32F10x_StdPeriph_Driver\src\stm32f10x_dma.o
LOAD Libraries\STM32F10x_StdPeriph_Driver\src\stm32f10x_exti.o
LOAD Libraries\STM32F10x_StdPeriph_Driver\src\stm32f10x_flash.o
LOAD Libraries\STM32F10x_StdPeriph_Driver\src\stm32f10x_fsmc.o
LOAD Libraries\STM32F10x_StdPeriph_Driver\src\stm32f10x_gpio.o
LOAD Libraries\STM32F10x_StdPeriph_Driver\src\stm32f10x_i2c.o
LOAD Libraries\STM32F10x_StdPeriph_Driver\src\stm32f10x_iwdg.o
LOAD Libraries\STM32F10x_StdPeriph_Driver\src\stm32f10x_pwr.o
LOAD Libraries\STM32F10x_StdPeriph_Driver\src\stm32f10x_rcc.o
LOAD Libraries\STM32F10x_StdPeriph_Driver\src\stm32f10x_rtc.o
LOAD Libraries\STM32F10x_StdPeriph_Driver\src\stm32f10x_sdio.o
LOAD Libraries\STM32F10x_StdPeriph_Driver\src\stm32f10x_spi.o
LOAD Libraries\STM32F10x_StdPeriph_Driver\src\stm32f10x_tim.o
LOAD Libraries\STM32F10x_StdPeriph_Driver\src\stm32f10x_usart.o
LOAD Libraries\STM32F10x_StdPeriph_Driver\src\stm32f10x_wwdg.o
LOAD src\coolant_control.o
LOAD src\eeprom.o
LOAD src\gcode.o
LOAD src\jog.o
LOAD src\limits.o
LOAD src\main.o
LOAD src\motion_control.o
LOAD src\nuts_bolts.o
LOAD src\planner.o
LOAD src\print.o
LOAD src\probe.o
LOAD src\protocol.o
LOAD src\report.o
LOAD src\serial.o
LOAD src\settings.o
LOAD src\spindle_control.o
LOAD src\startup_stm32f10x_md.o
LOAD src\stepper.o
LOAD src\system.o
LOAD src\system_stm32f10x.o
LOAD stm_usb_fs_lib\src\usb_core.o
LOAD stm_usb_fs_lib\src\usb_init.o
LOAD stm_usb_fs_lib\src\usb_int.o
LOAD stm_usb_fs_lib\src\usb_mem.o
LOAD stm_usb_fs_lib\src\usb_regs.o
LOAD stm_usb_fs_lib\src\usb_sil.o
LOAD usb\hw_config.o
LOAD usb\usb_desc.o
LOAD usb\usb_endp.o
LOAD usb\usb_istr.o
LOAD usb\usb_prop.o
LOAD usb\usb_pwr.o
LOAD util\stm32f10x_it.o
                0x00000080                malloc_getpagesize_P = 0x80
START GROUP
LOAD c:/program files (x86)/atollic/truestudio for stm32 9.1.0/armtools/bin/../lib/gcc/arm-atollic-eabi/6.3.1/../../../../arm-atollic-eabi/lib/armv7-m\libc.a
LOAD c:/program files (x86)/atollic/truestudio for stm32 9.1.0/armtools/bin/../lib/gcc/arm-atollic-eabi/6.3.1/../../../../arm-atollic-eabi/lib/armv7-m\libm.a
END GROUP
START GROUP
LOAD c:/program files (x86)/atollic/truestudio for stm32 9.1.0/armtools/bin/../lib/gcc/arm-atollic-eabi/6.3.1/armv7-m\libgcc.a
LOAD c:/program files (x86)/atollic/truestudio for stm32 9.1.0/armtools/bin/../lib/gcc/arm-atollic-eabi/6.3.1/../../../../arm-atollic-eabi/lib/armv7-m\libc.a
END GROUP
START GROUP
LOAD c:/program files (x86)/atollic/truestudio for stm32 9.1.0/armtools/bin/../lib/gcc/arm-atollic-eabi/6.3.1/armv7-m\libgcc.a
LOAD c:/program files (x86)/atollic/truestudio for stm32 9.1.0/armtools/bin/../lib/gcc/arm-atollic-eabi/6.3.1/../../../../arm-atollic-eabi/lib/armv7-m\libc.a
LOAD c:/program files (x86)/atollic/truestudio for stm32 9.1.0/armtools/bin/../lib/gcc/arm-atollic-eabi/6.3.1/../../../../arm-atollic-eabi/lib/armv7-m\libnosys.a
END GROUP
LOAD c:/program files (x86)/atollic/truestudio for stm32 9.1.0/armtools/bin/../lib/gcc/arm-atollic-eabi/6.3.1/armv7-m/crtend.o
LOAD c:/program files (x86)/atollic/truestudio for stm32 9.1.0/armtools/bin/../lib/gcc/arm-atollic-eabi/6.3.1/armv7-m/crtn.o
                0x20005000                _estack = 0x20005000
                0x00000080                _Min_Heap_Size = 0x80
                0x00000200                _Min_Stack_Size = 0x200

.isr_vector     0x08000000      0x10c
                0x08000000                . = ALIGN (0x4)
 *(.isr_vector)
 .isr_vector    0x08000000      0x10c src\startup_stm32f10x_md.o
                0x08000000                g_pfnVectors
                0x0800010c                . = ALIGN (0x4)

.text           0x08000110     0xbcf8
                0x08000110                . = ALIGN (0x4)
 *(.text)
 .text          0x08000110       0x40 c:/program files (x86)/atollic/truestudio for stm32 9.1.0/armtools/bin/../lib/gcc/arm-atollic-eabi/6.3.1/armv7-m/crtbegin.o
 .text          0x08000150      0x370 c:/program files (x86)/atollic/truestudio for stm32 9.1.0/armtools/bin/../lib/gcc/arm-atollic-eabi/6.3.1/armv7-m\libgcc.a(_arm_addsubdf3.o)
                0x08000150                __aeabi_drsub
                0x08000158                __aeabi_dsub
                0x08000158                __subdf3
                0x0800015c                __aeabi_dadd
                0x0800015c                __adddf3
                0x080003d4                __floatunsidf
                0x080003d4                __aeabi_ui2d
                0x080003f4                __floatsidf
                0x080003f4                __aeabi_i2d
                0x08000418                __aeabi_f2d
                0x08000418                __extendsfdf2
                0x08000454                __floatundidf
                0x08000454                __aeabi_ul2d
                0x08000464                __floatdidf
                0x08000464                __aeabi_l2d
 .text          0x080004c0      0x424 c:/program files (x86)/atollic/truestudio for stm32 9.1.0/armtools/bin/../lib/gcc/arm-atollic-eabi/6.3.1/armv7-m\libgcc.a(_arm_muldivdf3.o)
                0x080004c0                __aeabi_dmul
                0x080004c0                __muldf3
                0x08000714                __divdf3
                0x08000714                __aeabi_ddiv
 .text          0x080008e4      0x110 c:/program files (x86)/atollic/truestudio for stm32 9.1.0/armtools/bin/../lib/gcc/arm-atollic-eabi/6.3.1/armv7-m\libgcc.a(_arm_cmpdf2.o)
                0x080008e4                __gtdf2
                0x080008e4                __gedf2
                0x080008ec                __ltdf2
                0x080008ec                __ledf2
                0x080008f4                __nedf2
                0x080008f4                __eqdf2
                0x080008f4                __cmpdf2
                0x08000970                __aeabi_cdrcmple
                0x08000980                __aeabi_cdcmpeq
                0x08000980                __aeabi_cdcmple
                0x08000990                __aeabi_dcmpeq
                0x080009a4                __aeabi_dcmplt
                0x080009b8                __aeabi_dcmple
                0x080009cc                __aeabi_dcmpge
                0x080009e0                __aeabi_dcmpgt
 .text          0x080009f4       0xa0 c:/program files (x86)/atollic/truestudio for stm32 9.1.0/armtools/bin/../lib/gcc/arm-atollic-eabi/6.3.1/armv7-m\libgcc.a(_arm_truncdfsf2.o)
                0x080009f4                __truncdfsf2
                0x080009f4                __aeabi_d2f
 .text          0x08000a94      0x21c c:/program files (x86)/atollic/truestudio for stm32 9.1.0/armtools/bin/../lib/gcc/arm-atollic-eabi/6.3.1/armv7-m\libgcc.a(_arm_addsubsf3.o)
                0x08000a94                __aeabi_frsub
                0x08000a9c                __subsf3
                0x08000a9c                __aeabi_fsub
                0x08000aa0                __aeabi_fadd
                0x08000aa0                __addsf3
                0x08000c00                __aeabi_ui2f
                0x08000c00                __floatunsisf
                0x08000c08                __aeabi_i2f
                0x08000c08                __floatsisf
                0x08000c24                __aeabi_ul2f
                0x08000c24                __floatundisf
                0x08000c34                __aeabi_l2f
                0x08000c34                __floatdisf
 .text          0x08000cb0      0x2a0 c:/program files (x86)/atollic/truestudio for stm32 9.1.0/armtools/bin/../lib/gcc/arm-atollic-eabi/6.3.1/armv7-m\libgcc.a(_arm_muldivsf3.o)
                0x08000cb0                __mulsf3
                0x08000cb0                __aeabi_fmul
                0x08000e18                __aeabi_fdiv
                0x08000e18                __divsf3
 .text          0x08000f50       0xec c:/program files (x86)/atollic/truestudio for stm32 9.1.0/armtools/bin/../lib/gcc/arm-atollic-eabi/6.3.1/armv7-m\libgcc.a(_arm_cmpsf2.o)
                0x08000f50                __gesf2
                0x08000f50                __gtsf2
                0x08000f58                __lesf2
                0x08000f58                __ltsf2
                0x08000f60                __nesf2
                0x08000f60                __eqsf2
                0x08000f60                __cmpsf2
                0x08000fc0                __aeabi_cfrcmple
                0x08000fc8                __aeabi_cfcmpeq
                0x08000fc8                __aeabi_cfcmple
                0x08000fd8                __aeabi_fcmpeq
                0x08000fec                __aeabi_fcmplt
                0x08001000                __aeabi_fcmple
                0x08001014                __aeabi_fcmpge
                0x08001028                __aeabi_fcmpgt
 .text          0x0800103c       0x2c c:/program files (x86)/atollic/truestudio for stm32 9.1.0/armtools/bin/../lib/gcc/arm-atollic-eabi/6.3.1/armv7-m\libgcc.a(_arm_unordsf2.o)
                0x0800103c                __unordsf2
                0x0800103c                __aeabi_fcmpun
 .text          0x08001068       0x4c c:/program files (x86)/atollic/truestudio for stm32 9.1.0/armtools/bin/../lib/gcc/arm-atollic-eabi/6.3.1/armv7-m\libgcc.a(_arm_fixsfsi.o)
                0x08001068                __aeabi_f2iz
                0x08001068                __fixsfsi
 .text          0x080010b4       0x40 c:/program files (x86)/atollic/truestudio for stm32 9.1.0/armtools/bin/../lib/gcc/arm-atollic-eabi/6.3.1/armv7-m\libgcc.a(_arm_fixunssfsi.o)
                0x080010b4                __fixunssfsi
                0x080010b4                __aeabi_f2uiz
 *(.text*)
 .text.NVIC_PriorityGroupConfig
                0x080010f4       0x14 Libraries\STM32F10x_StdPeriph_Driver\src\misc.o
                0x080010f4                NVIC_PriorityGroupConfig
 .text.NVIC_Init
                0x08001108       0x64 Libraries\STM32F10x_StdPeriph_Driver\src\misc.o
                0x08001108                NVIC_Init
 .text.EXTI_Init
                0x0800116c       0x7c Libraries\STM32F10x_StdPeriph_Driver\src\stm32f10x_exti.o
                0x0800116c                EXTI_Init
 .text.EXTI_GetITStatus
                0x080011e8       0x1c Libraries\STM32F10x_StdPeriph_Driver\src\stm32f10x_exti.o
                0x080011e8                EXTI_GetITStatus
 .text.EXTI_ClearITPendingBit
                0x08001204        0xc Libraries\STM32F10x_StdPeriph_Driver\src\stm32f10x_exti.o
                0x08001204                EXTI_ClearITPendingBit
 .text.FLASH_Unlock
                0x08001210       0x18 Libraries\STM32F10x_StdPeriph_Driver\src\stm32f10x_flash.o
                0x08001210                FLASH_Unlock
 .text.FLASH_ErasePage
                0x08001228       0xec Libraries\STM32F10x_StdPeriph_Driver\src\stm32f10x_flash.o
                0x08001228                FLASH_ErasePage
 .text.FLASH_ProgramHalfWord
                0x08001314       0xec Libraries\STM32F10x_StdPeriph_Driver\src\stm32f10x_flash.o
                0x08001314                FLASH_ProgramHalfWord
 .text.GPIO_Init
                0x08001400      0x36c Libraries\STM32F10x_StdPeriph_Driver\src\stm32f10x_gpio.o
                0x08001400                GPIO_Init
 .text.GPIO_ReadInputData
                0x0800176c        0x8 Libraries\STM32F10x_StdPeriph_Driver\src\stm32f10x_gpio.o
                0x0800176c                GPIO_ReadInputData
 .text.GPIO_ReadOutputData
                0x08001774        0x8 Libraries\STM32F10x_StdPeriph_Driver\src\stm32f10x_gpio.o
                0x08001774                GPIO_ReadOutputData
 .text.GPIO_SetBits
                0x0800177c        0x4 Libraries\STM32F10x_StdPeriph_Driver\src\stm32f10x_gpio.o
                0x0800177c                GPIO_SetBits
 .text.GPIO_ResetBits
                0x08001780        0x4 Libraries\STM32F10x_StdPeriph_Driver\src\stm32f10x_gpio.o
                0x08001780                GPIO_ResetBits
 .text.GPIO_WriteBit
                0x08001784        0xc Libraries\STM32F10x_StdPeriph_Driver\src\stm32f10x_gpio.o
                0x08001784                GPIO_WriteBit
 .text.GPIO_PinRemapConfig
                0x08001790       0x6c Libraries\STM32F10x_StdPeriph_Driver\src\stm32f10x_gpio.o
                0x08001790                GPIO_PinRemapConfig
 .text.GPIO_EXTILineConfig
                0x080017fc       0x30 Libraries\STM32F10x_StdPeriph_Driver\src\stm32f10x_gpio.o
                0x080017fc                GPIO_EXTILineConfig
 .text.RCC_USBCLKConfig
                0x0800182c        0xc Libraries\STM32F10x_StdPeriph_Driver\src\stm32f10x_rcc.o
                0x0800182c                RCC_USBCLKConfig
 .text.RCC_APB2PeriphClockCmd
                0x08001838       0x18 Libraries\STM32F10x_StdPeriph_Driver\src\stm32f10x_rcc.o
                0x08001838                RCC_APB2PeriphClockCmd
 .text.RCC_APB1PeriphClockCmd
                0x08001850       0x18 Libraries\STM32F10x_StdPeriph_Driver\src\stm32f10x_rcc.o
                0x08001850                RCC_APB1PeriphClockCmd
 .text.TIM_TimeBaseInit
                0x08001868       0xac Libraries\STM32F10x_StdPeriph_Driver\src\stm32f10x_tim.o
                0x08001868                TIM_TimeBaseInit
 .text.TIM_OC1Init
                0x08001914       0x90 Libraries\STM32F10x_StdPeriph_Driver\src\stm32f10x_tim.o
                0x08001914                TIM_OC1Init
 .text.TIM_TimeBaseStructInit
                0x080019a4       0x10 Libraries\STM32F10x_StdPeriph_Driver\src\stm32f10x_tim.o
                0x080019a4                TIM_TimeBaseStructInit
 .text.TIM_Cmd  0x080019b4       0x1c Libraries\STM32F10x_StdPeriph_Driver\src\stm32f10x_tim.o
                0x080019b4                TIM_Cmd
 .text.TIM_CtrlPWMOutputs
                0x080019d0       0x20 Libraries\STM32F10x_StdPeriph_Driver\src\stm32f10x_tim.o
                0x080019d0                TIM_CtrlPWMOutputs
 .text.TIM_ITConfig
                0x080019f0       0x14 Libraries\STM32F10x_StdPeriph_Driver\src\stm32f10x_tim.o
                0x080019f0                TIM_ITConfig
 .text.TIM_OC1PreloadConfig
                0x08001a04       0x10 Libraries\STM32F10x_StdPeriph_Driver\src\stm32f10x_tim.o
                0x08001a04                TIM_OC1PreloadConfig
 .text.TIM_ClearITPendingBit
                0x08001a14        0x8 Libraries\STM32F10x_StdPeriph_Driver\src\stm32f10x_tim.o
                0x08001a14                TIM_ClearITPendingBit
 .text.coolant_init
                0x08001a1c       0x64 src\coolant_control.o
                0x08001a1c                coolant_init
 .text.coolant_get_state
                0x08001a80       0x24 src\coolant_control.o
                0x08001a80                coolant_get_state
 .text.coolant_stop
                0x08001aa4       0x1c src\coolant_control.o
                0x08001aa4                coolant_stop
 .text.coolant_set_state
                0x08001ac0       0x48 src\coolant_control.o
                0x08001ac0                coolant_set_state
 .text.coolant_sync
                0x08001b08       0x54 src\coolant_control.o
                0x08001b08                coolant_sync
 .text.eeprom_init
                0x08001b5c       0x3c src\eeprom.o
                0x08001b5c                eeprom_init
 .text.eeprom_get_char
                0x08001b98        0xc src\eeprom.o
                0x08001b98                eeprom_get_char
 .text.eeprom_put_char
                0x08001ba4        0xc src\eeprom.o
                0x08001ba4                eeprom_put_char
 .text.memcpy_to_eeprom_with_checksum
                0x08001bb0       0xa4 src\eeprom.o
                0x08001bb0                memcpy_to_eeprom_with_checksum
 .text.memcpy_from_eeprom_with_checksum
                0x08001c54       0x44 src\eeprom.o
                0x08001c54                memcpy_from_eeprom_with_checksum
 .text.gc_init  0x08001c98       0x2c src\gcode.o
                0x08001c98                gc_init
 .text.gc_sync_position
                0x08001cc4       0x10 src\gcode.o
                0x08001cc4                gc_sync_position
 .text.gc_execute_line
                0x08001cd4     0x1268 src\gcode.o
                0x08001cd4                gc_execute_line
 .text.jog_execute
                0x08002f3c       0x60 src\jog.o
                0x08002f3c                jog_execute
 .text.limits_init
                0x08002f9c       0xa8 src\limits.o
                0x08002f9c                limits_init
 .text.limits_disable
                0x08003044       0x10 src\limits.o
                0x08003044                limits_disable
 .text.limits_get_state
                0x08003054       0x5c src\limits.o
                0x08003054                limits_get_state
 .text.EXTI15_10_IRQHandler
                0x080030b0       0x88 src\limits.o
                0x080030b0                EXTI15_10_IRQHandler
 .text.limits_go_home
                0x08003138      0x4b0 src\limits.o
                0x08003138                limits_go_home
 .text.limits_soft_check
                0x080035e8       0x44 src\limits.o
                0x080035e8                limits_soft_check
 .text.startup.main
                0x0800362c      0x11c src\main.o
                0x0800362c                main
 .text._delay_ms
                0x08003748       0x30 src\main.o
                0x08003748                _delay_ms
 .text.LedBlink
                0x08003778       0x28 src\main.o
                0x08003778                LedBlink
 .text.mc_line  0x080037a0       0x68 src\motion_control.o
                0x080037a0                mc_line
 .text.mc_arc   0x08003808      0x404 src\motion_control.o
                0x08003808                mc_arc
 .text.mc_dwell
                0x08003c0c       0x24 src\motion_control.o
                0x08003c0c                mc_dwell
 .text.mc_homing_cycle
                0x08003c30       0x48 src\motion_control.o
                0x08003c30                mc_homing_cycle
 .text.mc_probe_cycle
                0x08003c78      0x124 src\motion_control.o
                0x08003c78                mc_probe_cycle
 .text.mc_reset
                0x08003d9c       0x60 src\motion_control.o
                0x08003d9c                mc_reset
 .text.read_float
                0x08003dfc      0x110 src\nuts_bolts.o
                0x08003dfc                read_float
 .text.delay_sec
                0x08003f0c       0x70 src\nuts_bolts.o
                0x08003f0c                delay_sec
 .text.delay_ms
                0x08003f7c       0x20 src\nuts_bolts.o
                0x08003f7c                delay_ms
 .text.hypot_f  0x08003f9c       0x24 src\nuts_bolts.o
                0x08003f9c                hypot_f
 .text.convert_delta_vector_to_unit_vector
                0x08003fc0       0xd0 src\nuts_bolts.o
                0x08003fc0                convert_delta_vector_to_unit_vector
 .text.limit_value_by_axis_maximum
                0x08004090       0xac src\nuts_bolts.o
                0x08004090                limit_value_by_axis_maximum
 .text.planner_recalculate
                0x0800413c      0x1f8 src\planner.o
 .text.plan_reset
                0x08004334       0x38 src\planner.o
                0x08004334                plan_reset
 .text.plan_discard_current_block
                0x0800436c       0x34 src\planner.o
                0x0800436c                plan_discard_current_block
 .text.plan_get_system_motion_block
                0x080043a0       0x18 src\planner.o
                0x080043a0                plan_get_system_motion_block
 .text.plan_get_current_block
                0x080043b8       0x28 src\planner.o
                0x080043b8                plan_get_current_block
 .text.plan_get_exec_block_exit_speed_sqr
                0x080043e0       0x34 src\planner.o
                0x080043e0                plan_get_exec_block_exit_speed_sqr
 .text.plan_check_full_buffer
                0x08004414       0x1c src\planner.o
                0x08004414                plan_check_full_buffer
 .text.plan_compute_profile_nominal_speed
                0x08004430       0x6c src\planner.o
                0x08004430                plan_compute_profile_nominal_speed
 .text.plan_update_velocity_profile_parameters
                0x0800449c       0xf8 src\planner.o
                0x0800449c                plan_update_velocity_profile_parameters
 .text.plan_buffer_line
                0x08004594      0x4c4 src\planner.o
                0x08004594                plan_buffer_line
 .text.plan_sync_position
                0x08004a58       0x18 src\planner.o
                0x08004a58                plan_sync_position
 .text.plan_get_block_buffer_available
                0x08004a70       0x24 src\planner.o
                0x08004a70                plan_get_block_buffer_available
 .text.plan_cycle_reinitialize
                0x08004a94       0x20 src\planner.o
                0x08004a94                plan_cycle_reinitialize
 .text.printString
                0x08004ab4       0x18 src\print.o
                0x08004ab4                printString
 .text.print_uint8_base10
                0x08004acc       0x84 src\print.o
                0x08004acc                print_uint8_base10
 .text.printFloat
                0x08004b50       0xe4 src\print.o
                0x08004b50                printFloat
 .text.printFloat_CoordValue
                0x08004c34      0x1d0 src\print.o
                0x08004c34                printFloat_CoordValue
 .text.printFloat_RateValue
                0x08004e04      0x148 src\print.o
                0x08004e04                printFloat_RateValue
 .text.probe_init
                0x08004f4c       0x4c src\probe.o
                0x08004f4c                probe_init
 .text.probe_configure_invert_mask
                0x08004f98       0x28 src\probe.o
                0x08004f98                probe_configure_invert_mask
 .text.probe_get_state
                0x08004fc0       0x20 src\probe.o
                0x08004fc0                probe_get_state
 .text.probe_state_monitor
                0x08004fe0       0x48 src\probe.o
                0x08004fe0                probe_state_monitor
 .text.protocol_auto_cycle_start
                0x08005028       0x14 src\protocol.o
                0x08005028                protocol_auto_cycle_start
 .text.protocol_exec_rt_system
                0x0800503c      0x3d4 src\protocol.o
                0x0800503c                protocol_exec_rt_system
 .text.protocol_exec_rt_suspend
                0x08005410      0x670 src\protocol.o
 .text.protocol_execute_realtime
                0x08005a80      0x3e4 src\protocol.o
                0x08005a80                protocol_execute_realtime
 .text.protocol_buffer_synchronize
                0x08005e64      0x478 src\protocol.o
                0x08005e64                protocol_buffer_synchronize
 .text.protocol_main_loop
                0x080062dc      0x174 src\protocol.o
                0x080062dc                protocol_main_loop
 .text.report_status_message
                0x08006450       0x30 src\report.o
                0x08006450                report_status_message
 .text.report_alarm_message
                0x08006480       0x2c src\report.o
                0x08006480                report_alarm_message
 .text.report_feedback_message
                0x080064ac       0xbc src\report.o
                0x080064ac                report_feedback_message
 .text.report_init_message
                0x08006568        0xc src\report.o
                0x08006568                report_init_message
 .text.report_grbl_help
                0x08006574        0xc src\report.o
                0x08006574                report_grbl_help
 .text.report_grbl_settings
                0x08006580      0x5ec src\report.o
                0x08006580                report_grbl_settings
 .text.report_probe_parameters
                0x08006b6c       0x6c src\report.o
                0x08006b6c                report_probe_parameters
 .text.report_ngc_parameters
                0x08006bd8      0x17c src\report.o
                0x08006bd8                report_ngc_parameters
 .text.report_gcode_modes
                0x08006d54      0x170 src\report.o
                0x08006d54                report_gcode_modes
 .text.report_startup_line
                0x08006ec4       0x30 src\report.o
                0x08006ec4                report_startup_line
 .text.report_execute_startup_message
                0x08006ef4       0x48 src\report.o
                0x08006ef4                report_execute_startup_message
 .text.report_build_info
                0x08006f3c       0x64 src\report.o
                0x08006f3c                report_build_info
 .text.report_realtime_status
                0x08006fa0      0x3e4 src\report.o
                0x08006fa0                report_realtime_status
 .text.serial_get_rx_buffer_available
                0x08007384       0x24 src\serial.o
                0x08007384                serial_get_rx_buffer_available
 .text.serial_init
                0x080073a8        0x4 src\serial.o
                0x080073a8                serial_init
 .text.serial_write
                0x080073ac       0x54 src\serial.o
                0x080073ac                serial_write
 .text.serial_read
                0x08007400       0x30 src\serial.o
                0x08007400                serial_read
 .text.OnUsbDataRx
                0x08007430      0x1a4 src\serial.o
                0x08007430                OnUsbDataRx
 .text.serial_reset_read_buffer
                0x080075d4       0x14 src\serial.o
                0x080075d4                serial_reset_read_buffer
 .text.settings_store_startup_line
                0x080075e8       0x24 src\settings.o
                0x080075e8                settings_store_startup_line
 .text.settings_store_build_info
                0x0800760c        0xc src\settings.o
                0x0800760c                settings_store_build_info
 .text.settings_write_coord_data
                0x08007618       0x20 src\settings.o
                0x08007618                settings_write_coord_data
 .text.settings_restore
                0x08007638      0x130 src\settings.o
                0x08007638                settings_restore
 .text.settings_read_startup_line
                0x08007768       0x38 src\settings.o
                0x08007768                settings_read_startup_line
 .text.settings_read_build_info
                0x080077a0       0x28 src\settings.o
                0x080077a0                settings_read_build_info
 .text.settings_read_coord_data
                0x080077c8       0x3c src\settings.o
                0x080077c8                settings_read_coord_data
 .text.settings_store_global_setting
                0x08007804      0x2b4 src\settings.o
                0x08007804                settings_store_global_setting
 .text.settings_init
                0x08007ab8      0x138 src\settings.o
                0x08007ab8                settings_init
 .text.spindle_init
                0x08007bf0      0x108 src\spindle_control.o
                0x08007bf0                spindle_init
 .text.spindle_get_state
                0x08007cf8       0x18 src\spindle_control.o
                0x08007cf8                spindle_get_state
 .text.spindle_stop
                0x08007d10        0xc src\spindle_control.o
                0x08007d10                spindle_stop
 .text.spindle_set_speed
                0x08007d1c       0x14 src\spindle_control.o
                0x08007d1c                spindle_set_speed
 .text.spindle_compute_pwm_value
                0x08007d30       0x8c src\spindle_control.o
                0x08007d30                spindle_compute_pwm_value
 .text.spindle_set_state
                0x08007dbc      0x104 src\spindle_control.o
                0x08007dbc                spindle_set_state
 .text.spindle_sync
                0x08007ec0      0x104 src\spindle_control.o
                0x08007ec0                spindle_sync
 .text.Reset_Handler
                0x08007fc4       0x50 src\startup_stm32f10x_md.o
                0x08007fc4                Reset_Handler
 .text.Default_Handler
                0x08008014        0x2 src\startup_stm32f10x_md.o
                0x08008014                EXTI2_IRQHandler
                0x08008014                TIM1_CC_IRQHandler
                0x08008014                SysTick_Handler
                0x08008014                PVD_IRQHandler
                0x08008014                EXTI3_IRQHandler
                0x08008014                EXTI0_IRQHandler
                0x08008014                I2C2_EV_IRQHandler
                0x08008014                ADC1_2_IRQHandler
                0x08008014                SPI1_IRQHandler
                0x08008014                TAMPER_IRQHandler
                0x08008014                DMA1_Channel4_IRQHandler
                0x08008014                USART3_IRQHandler
                0x08008014                RTC_IRQHandler
                0x08008014                DMA1_Channel7_IRQHandler
                0x08008014                CAN1_RX1_IRQHandler
                0x08008014                TIM4_IRQHandler
                0x08008014                I2C1_EV_IRQHandler
                0x08008014                DMA1_Channel6_IRQHandler
                0x08008014                RCC_IRQHandler
                0x08008014                TIM1_TRG_COM_IRQHandler
                0x08008014                DMA1_Channel1_IRQHandler
                0x08008014                Default_Handler
                0x08008014                SPI2_IRQHandler
                0x08008014                DMA1_Channel5_IRQHandler
                0x08008014                EXTI4_IRQHandler
                0x08008014                USB_HP_CAN1_TX_IRQHandler
                0x08008014                DMA1_Channel3_IRQHandler
                0x08008014                TIM1_UP_IRQHandler
                0x08008014                WWDG_IRQHandler
                0x08008014                TIM1_BRK_IRQHandler
                0x08008014                EXTI1_IRQHandler
                0x08008014                RTCAlarm_IRQHandler
                0x08008014                USART2_IRQHandler
                0x08008014                I2C2_ER_IRQHandler
                0x08008014                DMA1_Channel2_IRQHandler
                0x08008014                CAN1_SCE_IRQHandler
                0x08008014                FLASH_IRQHandler
                0x08008014                USART1_IRQHandler
                0x08008014                I2C1_ER_IRQHandler
                0x08008014                USBWakeUp_IRQHandler
 *fill*         0x08008016        0x2 
 .text.st_wake_up
                0x08008018       0x80 src\stepper.o
                0x08008018                st_wake_up
 .text.st_go_idle
                0x08008098       0x80 src\stepper.o
                0x08008098                st_go_idle
 .text.TIM2_IRQHandler
                0x08008118      0x2a0 src\stepper.o
                0x08008118                TIM2_IRQHandler
 .text.TIM3_IRQHandler
                0x080083b8       0x40 src\stepper.o
                0x080083b8                TIM3_IRQHandler
 .text.st_generate_step_dir_invert_masks
                0x080083f8       0x68 src\stepper.o
                0x080083f8                st_generate_step_dir_invert_masks
 .text.st_reset
                0x08008460      0x148 src\stepper.o
                0x08008460                st_reset
 .text.stepper_init
                0x080085a8      0x17c src\stepper.o
                0x080085a8                stepper_init
 .text.st_update_plan_block_parameters
                0x08008724       0x2c src\stepper.o
                0x08008724                st_update_plan_block_parameters
 .text.st_prep_buffer
                0x08008750      0xaac src\stepper.o
                0x08008750                st_prep_buffer
 .text.st_get_realtime_rate
                0x080091fc       0x1c src\stepper.o
                0x080091fc                st_get_realtime_rate
 .text.system_init
                0x08009218       0x88 src\system.o
                0x08009218                system_init
 .text.system_control_get_state
                0x080092a0       0x30 src\system.o
                0x080092a0                system_control_get_state
 .text.EXTI9_5_IRQHandler
                0x080092d0       0x84 src\system.o
                0x080092d0                EXTI9_5_IRQHandler
 .text.system_check_safety_door_ajar
                0x08009354        0x4 src\system.o
                0x08009354                system_check_safety_door_ajar
 .text.system_execute_startup
                0x08009358       0x38 src\system.o
                0x08009358                system_execute_startup
 .text.system_execute_line
                0x08009390      0x314 src\system.o
                0x08009390                system_execute_line
 .text.system_flag_wco_change
                0x080096a4       0x14 src\system.o
                0x080096a4                system_flag_wco_change
 .text.system_convert_array_steps_to_mpos
                0x080096b8       0x48 src\system.o
                0x080096b8                system_convert_array_steps_to_mpos
 .text.system_check_travel_limits
                0x08009700       0x78 src\system.o
                0x08009700                system_check_travel_limits
 .text.system_set_exec_state_flag
                0x08009778       0x14 src\system.o
                0x08009778                system_set_exec_state_flag
 .text.system_clear_exec_state_flag
                0x0800978c       0x14 src\system.o
                0x0800978c                system_clear_exec_state_flag
 .text.system_set_exec_alarm
                0x080097a0       0x10 src\system.o
                0x080097a0                system_set_exec_alarm
 .text.system_clear_exec_alarm
                0x080097b0       0x10 src\system.o
                0x080097b0                system_clear_exec_alarm
 .text.system_set_exec_motion_override_flag
                0x080097c0       0x14 src\system.o
                0x080097c0                system_set_exec_motion_override_flag
 .text.system_set_exec_accessory_override_flag
                0x080097d4       0x14 src\system.o
                0x080097d4                system_set_exec_accessory_override_flag
 .text.system_clear_exec_motion_overrides
                0x080097e8       0x10 src\system.o
                0x080097e8                system_clear_exec_motion_overrides
 .text.system_clear_exec_accessory_overrides
                0x080097f8       0x10 src\system.o
                0x080097f8                system_clear_exec_accessory_overrides
 .text.SystemInit
                0x08009808      0x104 src\system_stm32f10x.o
                0x08009808                SystemInit
 .text.Standard_GetConfiguration
                0x0800990c       0x28 stm_usb_fs_lib\src\usb_core.o
                0x0800990c                Standard_GetConfiguration
 .text.Standard_GetInterface
                0x08009934       0x28 stm_usb_fs_lib\src\usb_core.o
                0x08009934                Standard_GetInterface
 .text.Standard_GetStatus
                0x0800995c       0x90 stm_usb_fs_lib\src\usb_core.o
                0x0800995c                Standard_GetStatus
 .text.DataStageIn
                0x080099ec       0xb0 stm_usb_fs_lib\src\usb_core.o
 .text.Standard_ClearFeature
                0x08009a9c       0xd4 stm_usb_fs_lib\src\usb_core.o
                0x08009a9c                Standard_ClearFeature
 .text.Standard_SetEndPointFeature
                0x08009b70       0x94 stm_usb_fs_lib\src\usb_core.o
                0x08009b70                Standard_SetEndPointFeature
 .text.Standard_GetDescriptorData
                0x08009c04       0x1c stm_usb_fs_lib\src\usb_core.o
                0x08009c04                Standard_GetDescriptorData
 .text.Setup0_Process
                0x08009c20      0x3fc stm_usb_fs_lib\src\usb_core.o
                0x08009c20                Setup0_Process
 .text.In0_Process
                0x0800a01c       0xcc stm_usb_fs_lib\src\usb_core.o
                0x0800a01c                In0_Process
 .text.Out0_Process
                0x0800a0e8      0x110 stm_usb_fs_lib\src\usb_core.o
                0x0800a0e8                Out0_Process
 .text.SetDeviceAddress
                0x0800a1f8       0x40 stm_usb_fs_lib\src\usb_core.o
                0x0800a1f8                SetDeviceAddress
 .text.NOP_Process
                0x0800a238        0x4 stm_usb_fs_lib\src\usb_core.o
                0x0800a238                NOP_Process
 .text.USB_Init
                0x0800a23c       0x38 stm_usb_fs_lib\src\usb_init.o
                0x0800a23c                USB_Init
 .text.CTR_LP   0x0800a274      0x180 stm_usb_fs_lib\src\usb_int.o
                0x0800a274                CTR_LP
 .text.UserToPMABufferCopy
                0x0800a3f4       0x28 stm_usb_fs_lib\src\usb_mem.o
                0x0800a3f4                UserToPMABufferCopy
 .text.PMAToUserBufferCopy
                0x0800a41c       0x20 stm_usb_fs_lib\src\usb_mem.o
                0x0800a41c                PMAToUserBufferCopy
 .text.SetBTABLE
                0x0800a43c       0x10 stm_usb_fs_lib\src\usb_regs.o
                0x0800a43c                SetBTABLE
 .text.SetEPType
                0x0800a44c       0x1c stm_usb_fs_lib\src\usb_regs.o
                0x0800a44c                SetEPType
 .text.SetEPTxStatus
                0x0800a468       0x34 stm_usb_fs_lib\src\usb_regs.o
                0x0800a468                SetEPTxStatus
 .text.SetEPRxStatus
                0x0800a49c       0x34 stm_usb_fs_lib\src\usb_regs.o
                0x0800a49c                SetEPRxStatus
 .text.SetEPTxValid
                0x0800a4d0       0x28 stm_usb_fs_lib\src\usb_regs.o
                0x0800a4d0                SetEPTxValid
 .text.SetEPRxValid
                0x0800a4f8       0x28 stm_usb_fs_lib\src\usb_regs.o
                0x0800a4f8                SetEPRxValid
 .text.Clear_Status_Out
                0x0800a520       0x20 stm_usb_fs_lib\src\usb_regs.o
                0x0800a520                Clear_Status_Out
 .text.ClearDTOG_RX
                0x0800a540       0x24 stm_usb_fs_lib\src\usb_regs.o
                0x0800a540                ClearDTOG_RX
 .text.ClearDTOG_TX
                0x0800a564       0x24 stm_usb_fs_lib\src\usb_regs.o
                0x0800a564                ClearDTOG_TX
 .text.SetEPTxAddr
                0x0800a588       0x20 stm_usb_fs_lib\src\usb_regs.o
                0x0800a588                SetEPTxAddr
 .text.SetEPRxAddr
                0x0800a5a8       0x20 stm_usb_fs_lib\src\usb_regs.o
                0x0800a5a8                SetEPRxAddr
 .text.GetEPTxAddr
                0x0800a5c8       0x1c stm_usb_fs_lib\src\usb_regs.o
                0x0800a5c8                GetEPTxAddr
 .text.GetEPRxAddr
                0x0800a5e4       0x1c stm_usb_fs_lib\src\usb_regs.o
                0x0800a5e4                GetEPRxAddr
 .text.SetEPTxCount
                0x0800a600       0x1c stm_usb_fs_lib\src\usb_regs.o
                0x0800a600                SetEPTxCount
 .text.SetEPRxCount
                0x0800a61c       0x44 stm_usb_fs_lib\src\usb_regs.o
                0x0800a61c                SetEPRxCount
 .text.GetEPRxCount
                0x0800a660       0x20 stm_usb_fs_lib\src\usb_regs.o
                0x0800a660                GetEPRxCount
 .text.ByteSwap
                0x0800a680        0xc stm_usb_fs_lib\src\usb_regs.o
                0x0800a680                ByteSwap
 .text.USB_SIL_Init
                0x0800a68c       0x24 stm_usb_fs_lib\src\usb_sil.o
                0x0800a68c                USB_SIL_Init
 .text.USB_SIL_Read
                0x0800a6b0       0x24 stm_usb_fs_lib\src\usb_sil.o
                0x0800a6b0                USB_SIL_Read
 .text.Set_USBClock
                0x0800a6d4       0x18 usb\hw_config.o
                0x0800a6d4                Set_USBClock
 .text.USB_Interrupts_Config
                0x0800a6ec       0x24 usb\hw_config.o
                0x0800a6ec                USB_Interrupts_Config
 .text.USB_Cable_Config
                0x0800a710        0x4 usb\hw_config.o
                0x0800a710                USB_Cable_Config
 .text.Get_SerialNum
                0x0800a714       0xfc usb\hw_config.o
                0x0800a714                Get_SerialNum
 .text.EP1_IN_Callback.part.0
                0x0800a810       0xc4 usb\usb_endp.o
 .text.EP3_OUT_Callback
                0x0800a8d4       0x24 usb\usb_endp.o
                0x0800a8d4                EP3_OUT_Callback
 .text.EP1_IN_Callback
                0x0800a8f8       0x18 usb\usb_endp.o
                0x0800a8f8                EP1_IN_Callback
 .text.SOF_Callback
                0x0800a910       0x24 usb\usb_endp.o
                0x0800a910                SOF_Callback
 .text.USB_Istr
                0x0800a934       0x74 usb\usb_istr.o
                0x0800a934                USB_Istr
 .text.Virtual_Com_Port_SetConfiguration
                0x0800a9a8       0x18 usb\usb_prop.o
                0x0800a9a8                Virtual_Com_Port_SetConfiguration
 .text.Virtual_Com_Port_SetDeviceAddress
                0x0800a9c0        0xc usb\usb_prop.o
                0x0800a9c0                Virtual_Com_Port_SetDeviceAddress
 .text.Virtual_Com_Port_Status_In
                0x0800a9cc       0x14 usb\usb_prop.o
                0x0800a9cc                Virtual_Com_Port_Status_In
 .text.Virtual_Com_Port_Status_Out
                0x0800a9e0        0x4 usb\usb_prop.o
                0x0800a9e0                Virtual_Com_Port_Status_Out
 .text.Virtual_Com_Port_Data_Setup
                0x0800a9e4       0x5c usb\usb_prop.o
                0x0800a9e4                Virtual_Com_Port_Data_Setup
 .text.Virtual_Com_Port_NoData_Setup
                0x0800aa40       0x24 usb\usb_prop.o
                0x0800aa40                Virtual_Com_Port_NoData_Setup
 .text.Virtual_Com_Port_Get_Interface_Setting
                0x0800aa64       0x10 usb\usb_prop.o
                0x0800aa64                Virtual_Com_Port_Get_Interface_Setting
 .text.Virtual_Com_Port_SetLineCoding
                0x0800aa74       0x18 usb\usb_prop.o
                0x0800aa74                Virtual_Com_Port_SetLineCoding
 .text.Virtual_Com_Port_init
                0x0800aa8c       0x24 usb\usb_prop.o
                0x0800aa8c                Virtual_Com_Port_init
 .text.Virtual_Com_Port_Reset
                0x0800aab0       0xe0 usb\usb_prop.o
                0x0800aab0                Virtual_Com_Port_Reset
 .text.Virtual_Com_Port_GetDeviceDescriptor
                0x0800ab90        0xc usb\usb_prop.o
                0x0800ab90                Virtual_Com_Port_GetDeviceDescriptor
 .text.Virtual_Com_Port_GetConfigDescriptor
                0x0800ab9c        0xc usb\usb_prop.o
                0x0800ab9c                Virtual_Com_Port_GetConfigDescriptor
 .text.Virtual_Com_Port_GetStringDescriptor
                0x0800aba8       0x20 usb\usb_prop.o
                0x0800aba8                Virtual_Com_Port_GetStringDescriptor
 .text.Virtual_Com_Port_GetLineCoding
                0x0800abc8       0x18 usb\usb_prop.o
                0x0800abc8                Virtual_Com_Port_GetLineCoding
 .text.PowerOn  0x0800abe0       0x30 usb\usb_pwr.o
                0x0800abe0                PowerOn
 .text.NMI_Handler
                0x0800ac10        0x4 util\stm32f10x_it.o
                0x0800ac10                NMI_Handler
 .text.HardFault_Handler
                0x0800ac14        0x4 util\stm32f10x_it.o
                0x0800ac14                HardFault_Handler
 .text.MemManage_Handler
                0x0800ac18        0x4 util\stm32f10x_it.o
                0x0800ac18                MemManage_Handler
 .text.BusFault_Handler
                0x0800ac1c        0x4 util\stm32f10x_it.o
                0x0800ac1c                BusFault_Handler
 .text.UsageFault_Handler
                0x0800ac20        0x4 util\stm32f10x_it.o
                0x0800ac20                UsageFault_Handler
 .text.SVC_Handler
                0x0800ac24        0x4 util\stm32f10x_it.o
                0x0800ac24                SVC_Handler
 .text.DebugMon_Handler
                0x0800ac28        0x4 util\stm32f10x_it.o
                0x0800ac28                DebugMon_Handler
 .text.PendSV_Handler
                0x0800ac2c        0x4 util\stm32f10x_it.o
                0x0800ac2c                PendSV_Handler
 .text.USB_LP_CAN1_RX0_IRQHandler
                0x0800ac30        0x4 util\stm32f10x_it.o
                0x0800ac30                USB_LP_CAN1_RX0_IRQHandler
 .text.__libc_init_array
                0x0800ac34       0x48 c:/program files (x86)/atollic/truestudio for stm32 9.1.0/armtools/bin/../lib/gcc/arm-atollic-eabi/6.3.1/../../../../arm-atollic-eabi/lib/armv7-m\libc.a(lib_a-init.o)
                0x0800ac34                __libc_init_array
 .text.memcmp   0x0800ac7c       0x1e c:/program files (x86)/atollic/truestudio for stm32 9.1.0/armtools/bin/../lib/gcc/arm-atollic-eabi/6.3.1/../../../../arm-atollic-eabi/lib/armv7-m\libc.a(lib_a-memcmp.o)
                0x0800ac7c                memcmp
 .text.memset   0x0800ac9a       0x10 c:/program files (x86)/atollic/truestudio for stm32 9.1.0/armtools/bin/../lib/gcc/arm-atollic-eabi/6.3.1/../../../../arm-atollic-eabi/lib/armv7-m\libc.a(lib_a-memset.o)
                0x0800ac9a                memset
 *fill*         0x0800acaa        0x2 
 .text.ceilf    0x0800acac       0x80 c:/program files (x86)/atollic/truestudio for stm32 9.1.0/armtools/bin/../lib/gcc/arm-atollic-eabi/6.3.1/../../../../arm-atollic-eabi/lib/armv7-m\libm.a(lib_a-sf_ceil.o)
                0x0800acac                ceilf
 .text.cosf     0x0800ad2c       0x68 c:/program files (x86)/atollic/truestudio for stm32 9.1.0/armtools/bin/../lib/gcc/arm-atollic-eabi/6.3.1/../../../../arm-atollic-eabi/lib/armv7-m\libm.a(lib_a-sf_cos.o)
                0x0800ad2c                cosf
 .text.floorf   0x0800ad94       0x80 c:/program files (x86)/atollic/truestudio for stm32 9.1.0/armtools/bin/../lib/gcc/arm-atollic-eabi/6.3.1/../../../../arm-atollic-eabi/lib/armv7-m\libm.a(lib_a-sf_floor.o)
                0x0800ad94                floorf
 .text.lroundf  0x0800ae14       0x58 c:/program files (x86)/atollic/truestudio for stm32 9.1.0/armtools/bin/../lib/gcc/arm-atollic-eabi/6.3.1/../../../../arm-atollic-eabi/lib/armv7-m\libm.a(lib_a-sf_lround.o)
                0x0800ae14                lroundf
 .text.sinf     0x0800ae6c       0x6c c:/program files (x86)/atollic/truestudio for stm32 9.1.0/armtools/bin/../lib/gcc/arm-atollic-eabi/6.3.1/../../../../arm-atollic-eabi/lib/armv7-m\libm.a(lib_a-sf_sin.o)
                0x0800ae6c                sinf
 .text.atan2f   0x0800aed8        0x4 c:/program files (x86)/atollic/truestudio for stm32 9.1.0/armtools/bin/../lib/gcc/arm-atollic-eabi/6.3.1/../../../../arm-atollic-eabi/lib/armv7-m\libm.a(lib_a-wf_atan2.o)
                0x0800aed8                atan2f
 .text.sqrtf    0x0800aedc       0x94 c:/program files (x86)/atollic/truestudio for stm32 9.1.0/armtools/bin/../lib/gcc/arm-atollic-eabi/6.3.1/../../../../arm-atollic-eabi/lib/armv7-m\libm.a(lib_a-wf_sqrt.o)
                0x0800aedc                sqrtf
 .text.__ieee754_atan2f
                0x0800af70      0x120 c:/program files (x86)/atollic/truestudio for stm32 9.1.0/armtools/bin/../lib/gcc/arm-atollic-eabi/6.3.1/../../../../arm-atollic-eabi/lib/armv7-m\libm.a(lib_a-ef_atan2.o)
                0x0800af70                __ieee754_atan2f
 .text.__ieee754_rem_pio2f
                0x0800b090      0x2b0 c:/program files (x86)/atollic/truestudio for stm32 9.1.0/armtools/bin/../lib/gcc/arm-atollic-eabi/6.3.1/../../../../arm-atollic-eabi/lib/armv7-m\libm.a(lib_a-ef_rem_pio2.o)
                0x0800b090                __ieee754_rem_pio2f
 .text.__ieee754_sqrtf
                0x0800b340       0xa4 c:/program files (x86)/atollic/truestudio for stm32 9.1.0/armtools/bin/../lib/gcc/arm-atollic-eabi/6.3.1/../../../../arm-atollic-eabi/lib/armv7-m\libm.a(lib_a-ef_sqrt.o)
                0x0800b340                __ieee754_sqrtf
 .text.__kernel_cosf
                0x0800b3e4      0x128 c:/program files (x86)/atollic/truestudio for stm32 9.1.0/armtools/bin/../lib/gcc/arm-atollic-eabi/6.3.1/../../../../arm-atollic-eabi/lib/armv7-m\libm.a(lib_a-kf_cos.o)
                0x0800b3e4                __kernel_cosf
 .text.__kernel_rem_pio2f
                0x0800b50c      0x51c c:/program files (x86)/atollic/truestudio for stm32 9.1.0/armtools/bin/../lib/gcc/arm-atollic-eabi/6.3.1/../../../../arm-atollic-eabi/lib/armv7-m\libm.a(lib_a-kf_rem_pio2.o)
                0x0800b50c                __kernel_rem_pio2f
 .text.__kernel_sinf
                0x0800ba28       0xec c:/program files (x86)/atollic/truestudio for stm32 9.1.0/armtools/bin/../lib/gcc/arm-atollic-eabi/6.3.1/../../../../arm-atollic-eabi/lib/armv7-m\libm.a(lib_a-kf_sin.o)
                0x0800ba28                __kernel_sinf
 .text.matherr  0x0800bb14        0x4 c:/program files (x86)/atollic/truestudio for stm32 9.1.0/armtools/bin/../lib/gcc/arm-atollic-eabi/6.3.1/../../../../arm-atollic-eabi/lib/armv7-m\libm.a(lib_a-s_matherr.o)
                0x0800bb14                matherr
 .text.atanf    0x0800bb18      0x220 c:/program files (x86)/atollic/truestudio for stm32 9.1.0/armtools/bin/../lib/gcc/arm-atollic-eabi/6.3.1/../../../../arm-atollic-eabi/lib/armv7-m\libm.a(lib_a-sf_atan.o)
                0x0800bb18                atanf
 .text.fabsf    0x0800bd38        0x6 c:/program files (x86)/atollic/truestudio for stm32 9.1.0/armtools/bin/../lib/gcc/arm-atollic-eabi/6.3.1/../../../../arm-atollic-eabi/lib/armv7-m\libm.a(lib_a-sf_fabs.o)
                0x0800bd38                fabsf
 *fill*         0x0800bd3e        0x2 
 .text.scalbnf  0x0800bd40       0x98 c:/program files (x86)/atollic/truestudio for stm32 9.1.0/armtools/bin/../lib/gcc/arm-atollic-eabi/6.3.1/../../../../arm-atollic-eabi/lib/armv7-m\libm.a(lib_a-sf_scalbn.o)
                0x0800bd40                scalbnf
 .text.copysignf
                0x0800bdd8        0xc c:/program files (x86)/atollic/truestudio for stm32 9.1.0/armtools/bin/../lib/gcc/arm-atollic-eabi/6.3.1/../../../../arm-atollic-eabi/lib/armv7-m\libm.a(lib_a-sf_copysign.o)
                0x0800bdd8                copysignf
 .text.__errno  0x0800bde4        0xc c:/program files (x86)/atollic/truestudio for stm32 9.1.0/armtools/bin/../lib/gcc/arm-atollic-eabi/6.3.1/../../../../arm-atollic-eabi/lib/armv7-m\libc.a(lib_a-errno.o)
                0x0800bde4                __errno
 *(.glue_7)
 .glue_7        0x0800bdf0        0x0 linker stubs
 *(.glue_7t)
 .glue_7t       0x0800bdf0        0x0 linker stubs
 *(.eh_frame)
 .eh_frame      0x0800bdf0        0x0 c:/program files (x86)/atollic/truestudio for stm32 9.1.0/armtools/bin/../lib/gcc/arm-atollic-eabi/6.3.1/armv7-m/crtbegin.o
 *(.init)
 .init          0x0800bdf0        0x4 c:/program files (x86)/atollic/truestudio for stm32 9.1.0/armtools/bin/../lib/gcc/arm-atollic-eabi/6.3.1/armv7-m/crti.o
                0x0800bdf0                _init
 .init          0x0800bdf4        0x8 c:/program files (x86)/atollic/truestudio for stm32 9.1.0/armtools/bin/../lib/gcc/arm-atollic-eabi/6.3.1/armv7-m/crtn.o
 *(.fini)
 .fini          0x0800bdfc        0x4 c:/program files (x86)/atollic/truestudio for stm32 9.1.0/armtools/bin/../lib/gcc/arm-atollic-eabi/6.3.1/armv7-m/crti.o
                0x0800bdfc                _fini
 .fini          0x0800be00        0x8 c:/program files (x86)/atollic/truestudio for stm32 9.1.0/armtools/bin/../lib/gcc/arm-atollic-eabi/6.3.1/armv7-m/crtn.o
                0x0800be08                . = ALIGN (0x4)
                0x0800be08                _etext = .

.vfp11_veneer   0x0800be08        0x0
 .vfp11_veneer  0x0800be08        0x0 linker stubs

.v4_bx          0x0800be08        0x0
 .v4_bx         0x0800be08        0x0 linker stubs

.iplt           0x0800be08        0x0
 .iplt          0x0800be08        0x0 c:/program files (x86)/atollic/truestudio for stm32 9.1.0/armtools/bin/../lib/gcc/arm-atollic-eabi/6.3.1/armv7-m/crtbegin.o

.rodata         0x0800be08      0x6b4
                0x0800be08                . = ALIGN (0x4)
 *(.rodata)
 *(.rodata*)
 .rodata.report_alarm_message.str1.4
                0x0800be08        0x7 src\report.o
 *fill*         0x0800be0f        0x1 
 .rodata.report_build_info.str1.4
                0x0800be10       0x1a src\report.o
 *fill*         0x0800be2a        0x2 
 .rodata.report_feedback_message.str1.4
                0x0800be2c       0xad src\report.o
 *fill*         0x0800bed9        0x3 
 .rodata.report_gcode_modes.str1.4
                0x0800bedc       0x1f src\report.o
 *fill*         0x0800befb        0x1 
 .rodata.report_grbl_help.str1.4
                0x0800befc       0x4a src\report.o
 *fill*         0x0800bf46        0x2 
 .rodata.report_init_message.str1.4
                0x0800bf48       0x1d src\report.o
 *fill*         0x0800bf65        0x3 
 .rodata.report_ngc_parameters.str1.4
                0x0800bf68       0x1a src\report.o
 *fill*         0x0800bf82        0x2 
 .rodata.report_probe_parameters.str1.4
                0x0800bf84        0x6 src\report.o
 *fill*         0x0800bf8a        0x2 
 .rodata.report_realtime_status.str1.4
                0x0800bf8c       0x7b src\report.o
 *fill*         0x0800c007        0x1 
 .rodata.report_startup_line.str1.4
                0x0800c008        0x3 src\report.o
 *fill*         0x0800c00b        0x1 
 .rodata.report_status_message.str1.4
                0x0800c00c       0x14 src\report.o
                                 0x13 (size before relaxing)
 .rodata.direction_pin_mask
                0x0800c020        0x8 src\stepper.o
                0x0800c020                direction_pin_mask
 .rodata.limit_pin_mask
                0x0800c028        0x8 src\stepper.o
                0x0800c028                limit_pin_mask
 .rodata.step_pin_mask
                0x0800c030        0x8 src\stepper.o
                0x0800c030                step_pin_mask
 .rodata.Virtual_Com_Port_ConfigDescriptor
                0x0800c038       0x43 usb\usb_desc.o
                0x0800c038                Virtual_Com_Port_ConfigDescriptor
 *fill*         0x0800c07b        0x1 
 .rodata.Virtual_Com_Port_DeviceDescriptor
                0x0800c07c       0x12 usb\usb_desc.o
                0x0800c07c                Virtual_Com_Port_DeviceDescriptor
 *fill*         0x0800c08e        0x2 
 .rodata.Virtual_Com_Port_StringLangID
                0x0800c090        0x4 usb\usb_desc.o
                0x0800c090                Virtual_Com_Port_StringLangID
 .rodata.Virtual_Com_Port_StringProduct
                0x0800c094       0x1c usb\usb_desc.o
                0x0800c094                Virtual_Com_Port_StringProduct
 .rodata.Virtual_Com_Port_StringVendor
                0x0800c0b0       0x16 usb\usb_desc.o
                0x0800c0b0                Virtual_Com_Port_StringVendor
 .rodata.sqrtf.str1.1
                0x0800c0c6        0x6 c:/program files (x86)/atollic/truestudio for stm32 9.1.0/armtools/bin/../lib/gcc/arm-atollic-eabi/6.3.1/../../../../arm-atollic-eabi/lib/armv7-m\libm.a(lib_a-wf_sqrt.o)
 .rodata.npio2_hw
                0x0800c0cc       0x80 c:/program files (x86)/atollic/truestudio for stm32 9.1.0/armtools/bin/../lib/gcc/arm-atollic-eabi/6.3.1/../../../../arm-atollic-eabi/lib/armv7-m\libm.a(lib_a-ef_rem_pio2.o)
 .rodata.two_over_pi
                0x0800c14c      0x318 c:/program files (x86)/atollic/truestudio for stm32 9.1.0/armtools/bin/../lib/gcc/arm-atollic-eabi/6.3.1/../../../../arm-atollic-eabi/lib/armv7-m\libm.a(lib_a-ef_rem_pio2.o)
 .rodata.PIo2   0x0800c464       0x2c c:/program files (x86)/atollic/truestudio for stm32 9.1.0/armtools/bin/../lib/gcc/arm-atollic-eabi/6.3.1/../../../../arm-atollic-eabi/lib/armv7-m\libm.a(lib_a-kf_rem_pio2.o)
 .rodata.init_jk
                0x0800c490        0xc c:/program files (x86)/atollic/truestudio for stm32 9.1.0/armtools/bin/../lib/gcc/arm-atollic-eabi/6.3.1/../../../../arm-atollic-eabi/lib/armv7-m\libm.a(lib_a-kf_rem_pio2.o)
 .rodata.atanhi
                0x0800c49c       0x10 c:/program files (x86)/atollic/truestudio for stm32 9.1.0/armtools/bin/../lib/gcc/arm-atollic-eabi/6.3.1/../../../../arm-atollic-eabi/lib/armv7-m\libm.a(lib_a-sf_atan.o)
 .rodata.atanlo
                0x0800c4ac       0x10 c:/program files (x86)/atollic/truestudio for stm32 9.1.0/armtools/bin/../lib/gcc/arm-atollic-eabi/6.3.1/../../../../arm-atollic-eabi/lib/armv7-m\libm.a(lib_a-sf_atan.o)
                0x0800c4bc                . = ALIGN (0x4)

.rel.dyn        0x0800c4bc        0x0
 .rel.iplt      0x0800c4bc        0x0 c:/program files (x86)/atollic/truestudio for stm32 9.1.0/armtools/bin/../lib/gcc/arm-atollic-eabi/6.3.1/armv7-m/crtbegin.o

.ARM.extab
 *(.ARM.extab* .gnu.linkonce.armextab.*)

.ARM            0x0800c4bc        0x0
                0x0800c4bc                __exidx_start = .
 *(.ARM.exidx*)
                0x0800c4bc                __exidx_end = .

.preinit_array  0x0800c4bc        0x0
                0x0800c4bc                PROVIDE (__preinit_array_start, .)
 *(.preinit_array*)
                0x0800c4bc                PROVIDE (__preinit_array_end, .)

.init_array     0x0800c4bc        0x4
                0x0800c4bc                PROVIDE (__init_array_start, .)
 *(SORT(.init_array.*))
 *(.init_array*)
 .init_array    0x0800c4bc        0x4 c:/program files (x86)/atollic/truestudio for stm32 9.1.0/armtools/bin/../lib/gcc/arm-atollic-eabi/6.3.1/armv7-m/crtbegin.o
                0x0800c4c0                PROVIDE (__init_array_end, .)

.fini_array     0x0800c4c0        0x4
                [!provide]                PROVIDE (__fini_array_start, .)
 *(SORT(.fini_array.*))
 *(.fini_array*)
 .fini_array    0x0800c4c0        0x4 c:/program files (x86)/atollic/truestudio for stm32 9.1.0/armtools/bin/../lib/gcc/arm-atollic-eabi/6.3.1/armv7-m/crtbegin.o
                [!provide]                PROVIDE (__fini_array_end, .)
                0x0800c4c4                _sidata = LOADADDR (.data)

.data           0x20000000      0x1e4 load address 0x0800c4c4
                0x20000000                . = ALIGN (0x4)
                0x20000000                _sdata = .
 *(.data)
 *(.data*)
 .data.nOnFlag.8688
                0x20000000        0x1 src\main.o
 *fill*         0x20000001        0x3 
 .data.SystemCoreClock
                0x20000004        0x4 src\system_stm32f10x.o
                0x20000004                SystemCoreClock
 .data.Virtual_Com_Port_StringSerial
                0x20000008       0x1a usb\usb_desc.o
                0x20000008                Virtual_Com_Port_StringSerial
 *fill*         0x20000022        0x2 
 .data.pEpInt_IN
                0x20000024       0x1c usb\usb_istr.o
                0x20000024                pEpInt_IN
 .data.pEpInt_OUT
                0x20000040       0x1c usb\usb_istr.o
                0x20000040                pEpInt_OUT
 .data.Config_Descriptor
                0x2000005c        0x8 usb\usb_prop.o
                0x2000005c                Config_Descriptor
 .data.Device_Descriptor
                0x20000064        0x8 usb\usb_prop.o
                0x20000064                Device_Descriptor
 .data.Device_Property
                0x2000006c       0x30 usb\usb_prop.o
                0x2000006c                Device_Property
 .data.Device_Table
                0x2000009c        0x2 usb\usb_prop.o
                0x2000009c                Device_Table
 *fill*         0x2000009e        0x2 
 .data.String_Descriptor
                0x200000a0       0x20 usb\usb_prop.o
                0x200000a0                String_Descriptor
 .data.User_Standard_Requests
                0x200000c0       0x24 usb\usb_prop.o
                0x200000c0                User_Standard_Requests
 .data.linecoding
                0x200000e4        0x8 usb\usb_prop.o
                0x200000e4                linecoding
 .data.__fdlib_version
                0x200000ec        0x1 c:/program files (x86)/atollic/truestudio for stm32 9.1.0/armtools/bin/../lib/gcc/arm-atollic-eabi/6.3.1/../../../../arm-atollic-eabi/lib/armv7-m\libm.a(lib_a-s_lib_ver.o)
                0x200000ec                __fdlib_version
 *fill*         0x200000ed        0x3 
 .data._impure_ptr
                0x200000f0        0x4 c:/program files (x86)/atollic/truestudio for stm32 9.1.0/armtools/bin/../lib/gcc/arm-atollic-eabi/6.3.1/../../../../arm-atollic-eabi/lib/armv7-m\libc.a(lib_a-impure.o)
                0x200000f0                _impure_ptr
 .data.impure_data
                0x200000f4       0xf0 c:/program files (x86)/atollic/truestudio for stm32 9.1.0/armtools/bin/../lib/gcc/arm-atollic-eabi/6.3.1/../../../../arm-atollic-eabi/lib/armv7-m\libc.a(lib_a-impure.o)
                0x200001e4                . = ALIGN (0x4)
                0x200001e4                _edata = .

.igot.plt       0x200001e4        0x0 load address 0x0800c6a8
 .igot.plt      0x200001e4        0x0 c:/program files (x86)/atollic/truestudio for stm32 9.1.0/armtools/bin/../lib/gcc/arm-atollic-eabi/6.3.1/armv7-m/crtbegin.o
                0x200001e4                . = ALIGN (0x4)

.bss            0x200001e4     0x1174 load address 0x0800c6a8
                0x200001e4                _sbss = .
                0x200001e4                __bss_start__ = _sbss
 *(.bss)
 .bss           0x200001e4       0x1c c:/program files (x86)/atollic/truestudio for stm32 9.1.0/armtools/bin/../lib/gcc/arm-atollic-eabi/6.3.1/armv7-m/crtbegin.o
 *(.bss*)
 .bss.block_buffer
                0x20000200      0x7e0 src\planner.o
 .bss.block_buffer_head
                0x200009e0        0x1 src\planner.o
 .bss.block_buffer_planned
                0x200009e1        0x1 src\planner.o
 .bss.block_buffer_tail
                0x200009e2        0x1 src\planner.o
 .bss.next_buffer_head
                0x200009e3        0x1 src\planner.o
 .bss.pl        0x200009e4       0x24 src\planner.o
 .bss.line      0x20000a08       0x50 src\protocol.o
 .bss.serial_rx_buffer_head
                0x20000a58        0x1 src\serial.o
                0x20000a58                serial_rx_buffer_head
 .bss.serial_rx_buffer_tail
                0x20000a59        0x1 src\serial.o
                0x20000a59                serial_rx_buffer_tail
 .bss.serial_tx_buffer_head
                0x20000a5a        0x1 src\serial.o
                0x20000a5a                serial_tx_buffer_head
 .bss.serial_tx_buffer_tail
                0x20000a5b        0x1 src\serial.o
                0x20000a5b                serial_tx_buffer_tail
 .bss.pwm_gradient
                0x20000a5c        0x4 src\spindle_control.o
 .bss.busy      0x20000a60        0x1 src\stepper.o
 *fill*         0x20000a61        0x1 
 .bss.dir_port_invert_mask
                0x20000a62        0x2 src\stepper.o
 .bss.pl_block  0x20000a64        0x4 src\stepper.o
 .bss.prep      0x20000a68       0x38 src\stepper.o
 .bss.segment_buffer
                0x20000aa0       0x50 src\stepper.o
 .bss.segment_buffer_head
                0x20000af0        0x1 src\stepper.o
 .bss.segment_buffer_tail
                0x20000af1        0x1 src\stepper.o
 .bss.segment_next_head
                0x20000af2        0x1 src\stepper.o
 *fill*         0x20000af3        0x1 
 .bss.st        0x20000af4       0x34 src\stepper.o
 .bss.st_block_buffer
                0x20000b28       0xd8 src\stepper.o
 .bss.st_prep_block
                0x20000c00        0x4 src\stepper.o
 .bss.step_port_invert_mask
                0x20000c04        0x2 src\stepper.o
 *fill*         0x20000c06        0x2 
 .bss.Data_Mul_MaxPacketSize
                0x20000c08        0x4 stm_usb_fs_lib\src\usb_core.o
                0x20000c08                Data_Mul_MaxPacketSize
 .bss.txUsbLock
                0x20000c0c        0x1 usb\usb_endp.o
                0x20000c0c                txUsbLock
 .bss.bIntPackSOF
                0x20000c0d        0x1 usb\usb_istr.o
                0x20000c0d                bIntPackSOF
 .bss.Request   0x20000c0e        0x1 usb\usb_prop.o
                0x20000c0e                Request
 *fill*         0x20000c0f        0x1 
 .bss.bDeviceState
                0x20000c10        0x4 usb\usb_pwr.o
                0x20000c10                bDeviceState
 *(COMMON)
 COMMON         0x20000c14      0x400 src\eeprom.o
                0x20000c14                EE_Buffer
 COMMON         0x20001014       0x98 src\gcode.o
                0x20001014                gc_state
                0x20001064                gc_block
 COMMON         0x200010ac       0x3d src\main.o
                0x200010ac                sys_rt_exec_motion_override
                0x200010b0                sys
                0x200010c4                sys_rt_exec_accessory_override
                0x200010c5                sys_rt_exec_state
                0x200010c6                sys_probe_state
                0x200010c8                sys_probe_position
                0x200010d8                sys_position
                0x200010e8                sys_rt_exec_alarm
 *fill*         0x200010e9        0x1 
 COMMON         0x200010ea        0x2 src\probe.o
                0x200010ea                probe_invert_mask
 COMMON         0x200010ec      0x17e src\serial.o
                0x200010ec                serial_tx_buffer
                0x2000116c                serial_rx_buffer
 *fill*         0x2000126a        0x2 
 COMMON         0x2000126c       0x6c src\settings.o
                0x2000126c                settings
 COMMON         0x200012d8        0x2 stm_usb_fs_lib\src\usb_core.o
                0x200012d8                StatusInfo
 *fill*         0x200012da        0x2 
 COMMON         0x200012dc       0x32 stm_usb_fs_lib\src\usb_init.o
                0x200012dc                SaveState
                0x200012e0                pProperty
                0x200012e4                EPindex
                0x200012e8                Device_Info
                0x20001304                pUser_Standard_Requests
                0x20001308                pInformation
                0x2000130c                wInterrupt_Mask
 COMMON         0x2000130e        0x4 stm_usb_fs_lib\src\usb_int.o
                0x2000130e                SaveRState
                0x20001310                SaveTState
 *fill*         0x20001312        0x2 
 COMMON         0x20001314       0x40 usb\usb_endp.o
                0x20001314                USB_Rx_Buffer
 COMMON         0x20001354        0x2 usb\usb_istr.o
                0x20001354                wIstr
                0x20001358                . = ALIGN (0x4)
 *fill*         0x20001356        0x2 
                0x20001358                _ebss = .
                0x20001358                __bss_end__ = _ebss

._user_heap_stack
                0x20001358      0x280 load address 0x0800c6a8
                0x20001358                . = ALIGN (0x4)
                [!provide]                PROVIDE (end, .)
                [!provide]                PROVIDE (_end, .)
                0x200013d8                . = (. + _Min_Heap_Size)
 *fill*         0x20001358       0x80 
                0x200015d8                . = (. + _Min_Stack_Size)
 *fill*         0x200013d8      0x200 
                0x200015d8                . = ALIGN (0x4)

.memory_b1_text
 *(.mb1text)
 *(.mb1text*)
 *(.mb1rodata)
 *(.mb1rodata*)

/DISCARD/
 libc.a(*)
 libm.a(*)
 libgcc.a(*)

.ARM.attributes
                0x00000000       0x29
 *(.ARM.attributes)
 .ARM.attributes
                0x00000000       0x1d c:/program files (x86)/atollic/truestudio for stm32 9.1.0/armtools/bin/../lib/gcc/arm-atollic-eabi/6.3.1/armv7-m/crti.o
 .ARM.attributes
                0x0000001d       0x2d c:/program files (x86)/atollic/truestudio for stm32 9.1.0/armtools/bin/../lib/gcc/arm-atollic-eabi/6.3.1/armv7-m/crtbegin.o
 .ARM.attributes
                0x0000004a       0x2f Libraries\STM32F10x_StdPeriph_Driver\src\misc.o
 .ARM.attributes
                0x00000079       0x2f Libraries\STM32F10x_StdPeriph_Driver\src\stm32f10x_exti.o
 .ARM.attributes
                0x000000a8       0x2f Libraries\STM32F10x_StdPeriph_Driver\src\stm32f10x_flash.o
 .ARM.attributes
                0x000000d7       0x2f Libraries\STM32F10x_StdPeriph_Driver\src\stm32f10x_gpio.o
 .ARM.attributes
                0x00000106       0x2f Libraries\STM32F10x_StdPeriph_Driver\src\stm32f10x_rcc.o
 .ARM.attributes
                0x00000135       0x2f Libraries\STM32F10x_StdPeriph_Driver\src\stm32f10x_tim.o
 .ARM.attributes
                0x00000164       0x2f src\coolant_control.o
 .ARM.attributes
                0x00000193       0x2f src\eeprom.o
 .ARM.attributes
                0x000001c2       0x2f src\gcode.o
 .ARM.attributes
                0x000001f1       0x2f src\jog.o
 .ARM.attributes
                0x00000220       0x2f src\limits.o
 .ARM.attributes
                0x0000024f       0x2f src\main.o
 .ARM.attributes
                0x0000027e       0x2f src\motion_control.o
 .ARM.attributes
                0x000002ad       0x2f src\nuts_bolts.o
 .ARM.attributes
                0x000002dc       0x2f src\planner.o
 .ARM.attributes
                0x0000030b       0x2f src\print.o
 .ARM.attributes
                0x0000033a       0x2f src\probe.o
 .ARM.attributes
                0x00000369       0x2f src\protocol.o
 .ARM.attributes
                0x00000398       0x2f src\report.o
 .ARM.attributes
                0x000003c7       0x2f src\serial.o
 .ARM.attributes
                0x000003f6       0x2f src\settings.o
 .ARM.attributes
                0x00000425       0x2f src\spindle_control.o
 .ARM.attributes
                0x00000454       0x21 src\startup_stm32f10x_md.o
 .ARM.attributes
                0x00000475       0x2f src\stepper.o
 .ARM.attributes
                0x000004a4       0x2f src\system.o
 .ARM.attributes
                0x000004d3       0x2f src\system_stm32f10x.o
 .ARM.attributes
                0x00000502       0x2f stm_usb_fs_lib\src\usb_core.o
 .ARM.attributes
                0x00000531       0x2f stm_usb_fs_lib\src\usb_init.o
 .ARM.attributes
                0x00000560       0x2f stm_usb_fs_lib\src\usb_int.o
 .ARM.attributes
                0x0000058f       0x2f stm_usb_fs_lib\src\usb_mem.o
 .ARM.attributes
                0x000005be       0x2f stm_usb_fs_lib\src\usb_regs.o
 .ARM.attributes
                0x000005ed       0x2f stm_usb_fs_lib\src\usb_sil.o
 .ARM.attributes
                0x0000061c       0x2f usb\hw_config.o
 .ARM.attributes
                0x0000064b       0x2f usb\usb_desc.o
 .ARM.attributes
                0x0000067a       0x2f usb\usb_endp.o
 .ARM.attributes
                0x000006a9       0x2f usb\usb_istr.o
 .ARM.attributes
                0x000006d8       0x2f usb\usb_prop.o
 .ARM.attributes
                0x00000707       0x2f usb\usb_pwr.o
 .ARM.attributes
                0x00000736       0x2f util\stm32f10x_it.o
 .ARM.attributes
                0x00000765       0x2d c:/program files (x86)/atollic/truestudio for stm32 9.1.0/armtools/bin/../lib/gcc/arm-atollic-eabi/6.3.1/../../../../arm-atollic-eabi/lib/armv7-m\libc.a(lib_a-init.o)
 .ARM.attributes
                0x00000792       0x2d c:/program files (x86)/atollic/truestudio for stm32 9.1.0/armtools/bin/../lib/gcc/arm-atollic-eabi/6.3.1/../../../../arm-atollic-eabi/lib/armv7-m\libc.a(lib_a-memcmp.o)
 .ARM.attributes
                0x000007bf       0x2d c:/program files (x86)/atollic/truestudio for stm32 9.1.0/armtools/bin/../lib/gcc/arm-atollic-eabi/6.3.1/../../../../arm-atollic-eabi/lib/armv7-m\libc.a(lib_a-memset.o)
 .ARM.attributes
                0x000007ec       0x2d c:/program files (x86)/atollic/truestudio for stm32 9.1.0/armtools/bin/../lib/gcc/arm-atollic-eabi/6.3.1/../../../../arm-atollic-eabi/lib/armv7-m\libm.a(lib_a-sf_ceil.o)
 .ARM.attributes
                0x00000819       0x2d c:/program files (x86)/atollic/truestudio for stm32 9.1.0/armtools/bin/../lib/gcc/arm-atollic-eabi/6.3.1/../../../../arm-atollic-eabi/lib/armv7-m\libm.a(lib_a-sf_cos.o)
 .ARM.attributes
                0x00000846       0x2d c:/program files (x86)/atollic/truestudio for stm32 9.1.0/armtools/bin/../lib/gcc/arm-atollic-eabi/6.3.1/../../../../arm-atollic-eabi/lib/armv7-m\libm.a(lib_a-sf_floor.o)
 .ARM.attributes
                0x00000873       0x2d c:/program files (x86)/atollic/truestudio for stm32 9.1.0/armtools/bin/../lib/gcc/arm-atollic-eabi/6.3.1/../../../../arm-atollic-eabi/lib/armv7-m\libm.a(lib_a-sf_lround.o)
 .ARM.attributes
                0x000008a0       0x2d c:/program files (x86)/atollic/truestudio for stm32 9.1.0/armtools/bin/../lib/gcc/arm-atollic-eabi/6.3.1/../../../../arm-atollic-eabi/lib/armv7-m\libm.a(lib_a-sf_sin.o)
 .ARM.attributes
                0x000008cd       0x2d c:/program files (x86)/atollic/truestudio for stm32 9.1.0/armtools/bin/../lib/gcc/arm-atollic-eabi/6.3.1/../../../../arm-atollic-eabi/lib/armv7-m\libm.a(lib_a-wf_atan2.o)
 .ARM.attributes
                0x000008fa       0x2d c:/program files (x86)/atollic/truestudio for stm32 9.1.0/armtools/bin/../lib/gcc/arm-atollic-eabi/6.3.1/../../../../arm-atollic-eabi/lib/armv7-m\libm.a(lib_a-wf_sqrt.o)
 .ARM.attributes
                0x00000927       0x2d c:/program files (x86)/atollic/truestudio for stm32 9.1.0/armtools/bin/../lib/gcc/arm-atollic-eabi/6.3.1/../../../../arm-atollic-eabi/lib/armv7-m\libm.a(lib_a-ef_atan2.o)
 .ARM.attributes
                0x00000954       0x2d c:/program files (x86)/atollic/truestudio for stm32 9.1.0/armtools/bin/../lib/gcc/arm-atollic-eabi/6.3.1/../../../../arm-atollic-eabi/lib/armv7-m\libm.a(lib_a-ef_rem_pio2.o)
 .ARM.attributes
                0x00000981       0x2d c:/program files (x86)/atollic/truestudio for stm32 9.1.0/armtools/bin/../lib/gcc/arm-atollic-eabi/6.3.1/../../../../arm-atollic-eabi/lib/armv7-m\libm.a(lib_a-ef_sqrt.o)
 .ARM.attributes
                0x000009ae       0x2d c:/program files (x86)/atollic/truestudio for stm32 9.1.0/armtools/bin/../lib/gcc/arm-atollic-eabi/6.3.1/../../../../arm-atollic-eabi/lib/armv7-m\libm.a(lib_a-kf_cos.o)
 .ARM.attributes
                0x000009db       0x2d c:/program files (x86)/atollic/truestudio for stm32 9.1.0/armtools/bin/../lib/gcc/arm-atollic-eabi/6.3.1/../../../../arm-atollic-eabi/lib/armv7-m\libm.a(lib_a-kf_rem_pio2.o)
 .ARM.attributes
                0x00000a08       0x2d c:/program files (x86)/atollic/truestudio for stm32 9.1.0/armtools/bin/../lib/gcc/arm-atollic-eabi/6.3.1/../../../../arm-atollic-eabi/lib/armv7-m\libm.a(lib_a-kf_sin.o)
 .ARM.attributes
                0x00000a35       0x2d c:/program files (x86)/atollic/truestudio for stm32 9.1.0/armtools/bin/../lib/gcc/arm-atollic-eabi/6.3.1/../../../../arm-atollic-eabi/lib/armv7-m\libm.a(lib_a-s_lib_ver.o)
 .ARM.attributes
                0x00000a62       0x2d c:/program files (x86)/atollic/truestudio for stm32 9.1.0/armtools/bin/../lib/gcc/arm-atollic-eabi/6.3.1/../../../../arm-atollic-eabi/lib/armv7-m\libm.a(lib_a-s_matherr.o)
 .ARM.attributes
                0x00000a8f       0x2d c:/program files (x86)/atollic/truestudio for stm32 9.1.0/armtools/bin/../lib/gcc/arm-atollic-eabi/6.3.1/../../../../arm-atollic-eabi/lib/armv7-m\libm.a(lib_a-sf_atan.o)
 .ARM.attributes
                0x00000abc       0x2d c:/program files (x86)/atollic/truestudio for stm32 9.1.0/armtools/bin/../lib/gcc/arm-atollic-eabi/6.3.1/../../../../arm-atollic-eabi/lib/armv7-m\libm.a(lib_a-sf_fabs.o)
 .ARM.attributes
                0x00000ae9       0x2d c:/program files (x86)/atollic/truestudio for stm32 9.1.0/armtools/bin/../lib/gcc/arm-atollic-eabi/6.3.1/../../../../arm-atollic-eabi/lib/armv7-m\libm.a(lib_a-sf_scalbn.o)
 .ARM.attributes
                0x00000b16       0x2d c:/program files (x86)/atollic/truestudio for stm32 9.1.0/armtools/bin/../lib/gcc/arm-atollic-eabi/6.3.1/../../../../arm-atollic-eabi/lib/armv7-m\libm.a(lib_a-sf_copysign.o)
 .ARM.attributes
                0x00000b43       0x2d c:/program files (x86)/atollic/truestudio for stm32 9.1.0/armtools/bin/../lib/gcc/arm-atollic-eabi/6.3.1/../../../../arm-atollic-eabi/lib/armv7-m\libc.a(lib_a-errno.o)
 .ARM.attributes
                0x00000b70       0x2d c:/program files (x86)/atollic/truestudio for stm32 9.1.0/armtools/bin/../lib/gcc/arm-atollic-eabi/6.3.1/../../../../arm-atollic-eabi/lib/armv7-m\libc.a(lib_a-impure.o)
 .ARM.attributes
                0x00000b9d       0x1d c:/program files (x86)/atollic/truestudio for stm32 9.1.0/armtools/bin/../lib/gcc/arm-atollic-eabi/6.3.1/armv7-m\libgcc.a(_arm_addsubdf3.o)
 .ARM.attributes
                0x00000bba       0x1d c:/program files (x86)/atollic/truestudio for stm32 9.1.0/armtools/bin/../lib/gcc/arm-atollic-eabi/6.3.1/armv7-m\libgcc.a(_arm_muldivdf3.o)
 .ARM.attributes
                0x00000bd7       0x1d c:/program files (x86)/atollic/truestudio for stm32 9.1.0/armtools/bin/../lib/gcc/arm-atollic-eabi/6.3.1/armv7-m\libgcc.a(_arm_cmpdf2.o)
 .ARM.attributes
                0x00000bf4       0x1d c:/program files (x86)/atollic/truestudio for stm32 9.1.0/armtools/bin/../lib/gcc/arm-atollic-eabi/6.3.1/armv7-m\libgcc.a(_arm_truncdfsf2.o)
 .ARM.attributes
                0x00000c11       0x1d c:/program files (x86)/atollic/truestudio for stm32 9.1.0/armtools/bin/../lib/gcc/arm-atollic-eabi/6.3.1/armv7-m\libgcc.a(_arm_addsubsf3.o)
 .ARM.attributes
                0x00000c2e       0x1d c:/program files (x86)/atollic/truestudio for stm32 9.1.0/armtools/bin/../lib/gcc/arm-atollic-eabi/6.3.1/armv7-m\libgcc.a(_arm_muldivsf3.o)
 .ARM.attributes
                0x00000c4b       0x1d c:/program files (x86)/atollic/truestudio for stm32 9.1.0/armtools/bin/../lib/gcc/arm-atollic-eabi/6.3.1/armv7-m\libgcc.a(_arm_cmpsf2.o)
 .ARM.attributes
                0x00000c68       0x1d c:/program files (x86)/atollic/truestudio for stm32 9.1.0/armtools/bin/../lib/gcc/arm-atollic-eabi/6.3.1/armv7-m\libgcc.a(_arm_unordsf2.o)
 .ARM.attributes
                0x00000c85       0x1d c:/program files (x86)/atollic/truestudio for stm32 9.1.0/armtools/bin/../lib/gcc/arm-atollic-eabi/6.3.1/armv7-m\libgcc.a(_arm_fixsfsi.o)
 .ARM.attributes
                0x00000ca2       0x1d c:/program files (x86)/atollic/truestudio for stm32 9.1.0/armtools/bin/../lib/gcc/arm-atollic-eabi/6.3.1/armv7-m\libgcc.a(_arm_fixunssfsi.o)
 .ARM.attributes
                0x00000cbf       0x1d c:/program files (x86)/atollic/truestudio for stm32 9.1.0/armtools/bin/../lib/gcc/arm-atollic-eabi/6.3.1/armv7-m/crtn.o
OUTPUT(stm32grbl11.elf elf32-littlearm)

.debug_info     0x00000000    0x272a6
 .debug_info    0x00000000      0x551 Libraries\STM32F10x_StdPeriph_Driver\src\misc.o
 .debug_info    0x00000551      0x365 Libraries\STM32F10x_StdPeriph_Driver\src\stm32f10x_exti.o
 .debug_info    0x000008b6     0x1594 Libraries\STM32F10x_StdPeriph_Driver\src\stm32f10x_flash.o
 .debug_info    0x00001e4a      0x89a Libraries\STM32F10x_StdPeriph_Driver\src\stm32f10x_gpio.o
 .debug_info    0x000026e4      0x94b Libraries\STM32F10x_StdPeriph_Driver\src\stm32f10x_rcc.o
 .debug_info    0x0000302f     0x2596 Libraries\STM32F10x_StdPeriph_Driver\src\stm32f10x_tim.o
 .debug_info    0x000055c5     0x1194 src\coolant_control.o
 .debug_info    0x00006759     0x10c7 src\eeprom.o
 .debug_info    0x00007820     0x1552 src\gcode.o
 .debug_info    0x00008d72      0xeb3 src\jog.o
 .debug_info    0x00009c25     0x1955 src\limits.o
 .debug_info    0x0000b57a     0x1677 src\main.o
 .debug_info    0x0000cbf1     0x186d src\motion_control.o
 .debug_info    0x0000e45e      0xfd5 src\nuts_bolts.o
 .debug_info    0x0000f433     0x1551 src\planner.o
 .debug_info    0x00010984     0x1301 src\print.o
 .debug_info    0x00011c85      0xfa0 src\probe.o
 .debug_info    0x00012c25     0x1a87 src\protocol.o
 .debug_info    0x000146ac     0x3c68 src\report.o
 .debug_info    0x00018314     0x10da src\serial.o
 .debug_info    0x000193ee     0x163d src\settings.o
 .debug_info    0x0001aa2b     0x173e src\spindle_control.o
 .debug_info    0x0001c169       0x8e src\startup_stm32f10x_md.o
 .debug_info    0x0001c1f7     0x249c src\stepper.o
 .debug_info    0x0001e693     0x1bbc src\system.o
 .debug_info    0x0002024f      0x4cb src\system_stm32f10x.o
 .debug_info    0x0002071a      0xf61 stm_usb_fs_lib\src\usb_core.o
 .debug_info    0x0002167b      0x50c stm_usb_fs_lib\src\usb_init.o
 .debug_info    0x00021b87      0x5bd stm_usb_fs_lib\src\usb_int.o
 .debug_info    0x00022144      0x593 stm_usb_fs_lib\src\usb_mem.o
 .debug_info    0x000226d7     0x10ae stm_usb_fs_lib\src\usb_regs.o
 .debug_info    0x00023785      0x60b stm_usb_fs_lib\src\usb_sil.o
 .debug_info    0x00023d90      0x9a2 usb\hw_config.o
 .debug_info    0x00024732      0x5a6 usb\usb_desc.o
 .debug_info    0x00024cd8      0x80c usb\usb_endp.o
 .debug_info    0x000254e4      0x55e usb\usb_istr.o
 .debug_info    0x00025a42      0xbfb usb\usb_prop.o
 .debug_info    0x0002663d      0x728 usb\usb_pwr.o
 .debug_info    0x00026d65      0x541 util\stm32f10x_it.o

.debug_abbrev   0x00000000     0x6658
 .debug_abbrev  0x00000000      0x181 Libraries\STM32F10x_StdPeriph_Driver\src\misc.o
 .debug_abbrev  0x00000181      0x1c1 Libraries\STM32F10x_StdPeriph_Driver\src\stm32f10x_exti.o
 .debug_abbrev  0x00000342      0x274 Libraries\STM32F10x_StdPeriph_Driver\src\stm32f10x_flash.o
 .debug_abbrev  0x000005b6      0x213 Libraries\STM32F10x_StdPeriph_Driver\src\stm32f10x_gpio.o
 .debug_abbrev  0x000007c9      0x27f Libraries\STM32F10x_StdPeriph_Driver\src\stm32f10x_rcc.o
 .debug_abbrev  0x00000a48      0x2c8 Libraries\STM32F10x_StdPeriph_Driver\src\stm32f10x_tim.o
 .debug_abbrev  0x00000d10      0x304 src\coolant_control.o
 .debug_abbrev  0x00001014      0x3a3 src\eeprom.o
 .debug_abbrev  0x000013b7      0x2e7 src\gcode.o
 .debug_abbrev  0x0000169e      0x1f4 src\jog.o
 .debug_abbrev  0x00001892      0x430 src\limits.o
 .debug_abbrev  0x00001cc2      0x2c3 src\main.o
 .debug_abbrev  0x00001f85      0x3a0 src\motion_control.o
 .debug_abbrev  0x00002325      0x27f src\nuts_bolts.o
 .debug_abbrev  0x000025a4      0x4c3 src\planner.o
 .debug_abbrev  0x00002a67      0x33b src\print.o
 .debug_abbrev  0x00002da2      0x2aa src\probe.o
 .debug_abbrev  0x0000304c      0x321 src\protocol.o
 .debug_abbrev  0x0000336d      0x429 src\report.o
 .debug_abbrev  0x00003796      0x2cd src\serial.o
 .debug_abbrev  0x00003a63      0x3a8 src\settings.o
 .debug_abbrev  0x00003e0b      0x3c4 src\spindle_control.o
 .debug_abbrev  0x000041cf       0x12 src\startup_stm32f10x_md.o
 .debug_abbrev  0x000041e1      0x462 src\stepper.o
 .debug_abbrev  0x00004643      0x4c7 src\system.o
 .debug_abbrev  0x00004b0a      0x18c src\system_stm32f10x.o
 .debug_abbrev  0x00004c96      0x3e1 stm_usb_fs_lib\src\usb_core.o
 .debug_abbrev  0x00005077      0x11b stm_usb_fs_lib\src\usb_init.o
 .debug_abbrev  0x00005192      0x194 stm_usb_fs_lib\src\usb_int.o
 .debug_abbrev  0x00005326      0x140 stm_usb_fs_lib\src\usb_mem.o
 .debug_abbrev  0x00005466      0x2ea stm_usb_fs_lib\src\usb_regs.o
 .debug_abbrev  0x00005750      0x193 stm_usb_fs_lib\src\usb_sil.o
 .debug_abbrev  0x000058e3      0x28d usb\hw_config.o
 .debug_abbrev  0x00005b70      0x11b usb\usb_desc.o
 .debug_abbrev  0x00005c8b      0x22c usb\usb_endp.o
 .debug_abbrev  0x00005eb7      0x15c usb\usb_istr.o
 .debug_abbrev  0x00006013      0x28b usb\usb_prop.o
 .debug_abbrev  0x0000629e      0x240 usb\usb_pwr.o
 .debug_abbrev  0x000064de      0x17a util\stm32f10x_it.o

.debug_loc      0x00000000     0xf7fb
 .debug_loc     0x00000000      0x147 Libraries\STM32F10x_StdPeriph_Driver\src\misc.o
 .debug_loc     0x00000147      0x212 Libraries\STM32F10x_StdPeriph_Driver\src\stm32f10x_exti.o
 .debug_loc     0x00000359     0x2d32 Libraries\STM32F10x_StdPeriph_Driver\src\stm32f10x_flash.o
 .debug_loc     0x0000308b     0x14f5 Libraries\STM32F10x_StdPeriph_Driver\src\stm32f10x_gpio.o
 .debug_loc     0x00004580      0x705 Libraries\STM32F10x_StdPeriph_Driver\src\stm32f10x_rcc.o
 .debug_loc     0x00004c85     0x24cb Libraries\STM32F10x_StdPeriph_Driver\src\stm32f10x_tim.o
 .debug_loc     0x00007150      0x10f src\coolant_control.o
 .debug_loc     0x0000725f      0x205 src\eeprom.o
 .debug_loc     0x00007464     0x11f6 src\gcode.o
 .debug_loc     0x0000865a       0x5a src\jog.o
 .debug_loc     0x000086b4      0x643 src\limits.o
 .debug_loc     0x00008cf7       0x4b src\main.o
 .debug_loc     0x00008d42      0x94d src\motion_control.o
 .debug_loc     0x0000968f      0x62d src\nuts_bolts.o
 .debug_loc     0x00009cbc      0x639 src\planner.o
 .debug_loc     0x0000a2f5      0x6f7 src\print.o
 .debug_loc     0x0000a9ec       0x27 src\probe.o
 .debug_loc     0x0000aa13      0x2fa src\protocol.o
 .debug_loc     0x0000ad0d     0x105a src\report.o
 .debug_loc     0x0000bd67      0x281 src\serial.o
 .debug_loc     0x0000bfe8      0x4f9 src\settings.o
 .debug_loc     0x0000c4e1      0x3ba src\spindle_control.o
 .debug_loc     0x0000c89b      0xbbe src\stepper.o
 .debug_loc     0x0000d459      0x568 src\system.o
 .debug_loc     0x0000d9c1       0xbc src\system_stm32f10x.o
 .debug_loc     0x0000da7d      0xacd stm_usb_fs_lib\src\usb_core.o
 .debug_loc     0x0000e54a       0x7d stm_usb_fs_lib\src\usb_int.o
 .debug_loc     0x0000e5c7      0x26c stm_usb_fs_lib\src\usb_mem.o
 .debug_loc     0x0000e833      0xa09 stm_usb_fs_lib\src\usb_regs.o
 .debug_loc     0x0000f23c       0xcf stm_usb_fs_lib\src\usb_sil.o
 .debug_loc     0x0000f30b      0x150 usb\hw_config.o
 .debug_loc     0x0000f45b       0xe3 usb\usb_endp.o
 .debug_loc     0x0000f53e      0x1e1 usb\usb_prop.o
 .debug_loc     0x0000f71f       0xdc usb\usb_pwr.o

.debug_aranges  0x00000000     0x10e8
 .debug_aranges
                0x00000000       0x40 Libraries\STM32F10x_StdPeriph_Driver\src\misc.o
 .debug_aranges
                0x00000040       0x50 Libraries\STM32F10x_StdPeriph_Driver\src\stm32f10x_exti.o
 .debug_aranges
                0x00000090       0xd8 Libraries\STM32F10x_StdPeriph_Driver\src\stm32f10x_flash.o
 .debug_aranges
                0x00000168       0xa8 Libraries\STM32F10x_StdPeriph_Driver\src\stm32f10x_gpio.o
 .debug_aranges
                0x00000210      0x118 Libraries\STM32F10x_StdPeriph_Driver\src\stm32f10x_rcc.o
 .debug_aranges
                0x00000328      0x2c0 Libraries\STM32F10x_StdPeriph_Driver\src\stm32f10x_tim.o
 .debug_aranges
                0x000005e8       0x40 src\coolant_control.o
 .debug_aranges
                0x00000628       0x48 src\eeprom.o
 .debug_aranges
                0x00000670       0x30 src\gcode.o
 .debug_aranges
                0x000006a0       0x20 src\jog.o
 .debug_aranges
                0x000006c0       0x48 src\limits.o
 .debug_aranges
                0x00000708       0x30 src\main.o
 .debug_aranges
                0x00000738       0x48 src\motion_control.o
 .debug_aranges
                0x00000780       0x48 src\nuts_bolts.o
 .debug_aranges
                0x000007c8       0x98 src\planner.o
 .debug_aranges
                0x00000860       0x58 src\print.o
 .debug_aranges
                0x000008b8       0x38 src\probe.o
 .debug_aranges
                0x000008f0       0x48 src\protocol.o
 .debug_aranges
                0x00000938       0x90 src\report.o
 .debug_aranges
                0x000009c8       0x58 src\serial.o
 .debug_aranges
                0x00000a20       0x70 src\settings.o
 .debug_aranges
                0x00000a90       0x50 src\spindle_control.o
 .debug_aranges
                0x00000ae0       0x28 src\startup_stm32f10x_md.o
 .debug_aranges
                0x00000b08       0x70 src\stepper.o
 .debug_aranges
                0x00000b78       0xa8 src\system.o
 .debug_aranges
                0x00000c20       0x28 src\system_stm32f10x.o
 .debug_aranges
                0x00000c48       0x98 stm_usb_fs_lib\src\usb_core.o
 .debug_aranges
                0x00000ce0       0x20 stm_usb_fs_lib\src\usb_init.o
 .debug_aranges
                0x00000d00       0x28 stm_usb_fs_lib\src\usb_int.o
 .debug_aranges
                0x00000d28       0x28 stm_usb_fs_lib\src\usb_mem.o
 .debug_aranges
                0x00000d50      0x1a0 stm_usb_fs_lib\src\usb_regs.o
 .debug_aranges
                0x00000ef0       0x30 stm_usb_fs_lib\src\usb_sil.o
 .debug_aranges
                0x00000f20       0x50 usb\hw_config.o
 .debug_aranges
                0x00000f70       0x18 usb\usb_desc.o
 .debug_aranges
                0x00000f88       0x38 usb\usb_endp.o
 .debug_aranges
                0x00000fc0       0x20 usb\usb_istr.o
 .debug_aranges
                0x00000fe0       0x80 usb\usb_prop.o
 .debug_aranges
                0x00001060       0x40 usb\usb_pwr.o
 .debug_aranges
                0x000010a0       0x48 util\stm32f10x_it.o

.debug_ranges   0x00000000     0x35f0
 .debug_ranges  0x00000000       0x30 Libraries\STM32F10x_StdPeriph_Driver\src\misc.o
 .debug_ranges  0x00000030       0x40 Libraries\STM32F10x_StdPeriph_Driver\src\stm32f10x_exti.o
 .debug_ranges  0x00000070      0xf18 Libraries\STM32F10x_StdPeriph_Driver\src\stm32f10x_flash.o
 .debug_ranges  0x00000f88       0x98 Libraries\STM32F10x_StdPeriph_Driver\src\stm32f10x_gpio.o
 .debug_ranges  0x00001020      0x128 Libraries\STM32F10x_StdPeriph_Driver\src\stm32f10x_rcc.o
 .debug_ranges  0x00001148      0x4c0 Libraries\STM32F10x_StdPeriph_Driver\src\stm32f10x_tim.o
 .debug_ranges  0x00001608       0x30 src\coolant_control.o
 .debug_ranges  0x00001638       0x80 src\eeprom.o
 .debug_ranges  0x000016b8       0xb8 src\gcode.o
 .debug_ranges  0x00001770       0x10 src\jog.o
 .debug_ranges  0x00001780       0xe8 src\limits.o
 .debug_ranges  0x00001868       0x40 src\main.o
 .debug_ranges  0x000018a8       0xd8 src\motion_control.o
 .debug_ranges  0x00001980       0x38 src\nuts_bolts.o
 .debug_ranges  0x000019b8      0x1b8 src\planner.o
 .debug_ranges  0x00001b70      0x108 src\print.o
 .debug_ranges  0x00001c78       0x28 src\probe.o
 .debug_ranges  0x00001ca0      0x2a8 src\protocol.o
 .debug_ranges  0x00001f48      0x8a0 src\report.o
 .debug_ranges  0x000027e8       0x48 src\serial.o
 .debug_ranges  0x00002830      0x140 src\settings.o
 .debug_ranges  0x00002970      0x140 src\spindle_control.o
 .debug_ranges  0x00002ab0       0x20 src\startup_stm32f10x_md.o
 .debug_ranges  0x00002ad0      0x248 src\stepper.o
 .debug_ranges  0x00002d18      0x108 src\system.o
 .debug_ranges  0x00002e20       0x40 src\system_stm32f10x.o
 .debug_ranges  0x00002e60      0x1d0 stm_usb_fs_lib\src\usb_core.o
 .debug_ranges  0x00003030       0x10 stm_usb_fs_lib\src\usb_init.o
 .debug_ranges  0x00003040       0x30 stm_usb_fs_lib\src\usb_int.o
 .debug_ranges  0x00003070       0x18 stm_usb_fs_lib\src\usb_mem.o
 .debug_ranges  0x00003088      0x348 stm_usb_fs_lib\src\usb_regs.o
 .debug_ranges  0x000033d0       0x20 stm_usb_fs_lib\src\usb_sil.o
 .debug_ranges  0x000033f0       0xc0 usb\hw_config.o
 .debug_ranges  0x000034b0       0x28 usb\usb_endp.o
 .debug_ranges  0x000034d8       0x10 usb\usb_istr.o
 .debug_ranges  0x000034e8       0x70 usb\usb_prop.o
 .debug_ranges  0x00003558       0x60 usb\usb_pwr.o
 .debug_ranges  0x000035b8       0x38 util\stm32f10x_it.o

.debug_line     0x00000000     0xc1e9
 .debug_line    0x00000000      0x271 Libraries\STM32F10x_StdPeriph_Driver\src\misc.o
 .debug_line    0x00000271      0x2c3 Libraries\STM32F10x_StdPeriph_Driver\src\stm32f10x_exti.o
 .debug_line    0x00000534      0x947 Libraries\STM32F10x_StdPeriph_Driver\src\stm32f10x_flash.o
 .debug_line    0x00000e7b      0x500 Libraries\STM32F10x_StdPeriph_Driver\src\stm32f10x_gpio.o
 .debug_line    0x0000137b      0x4f9 Libraries\STM32F10x_StdPeriph_Driver\src\stm32f10x_rcc.o
 .debug_line    0x00001874      0xd69 Libraries\STM32F10x_StdPeriph_Driver\src\stm32f10x_tim.o
 .debug_line    0x000025dd      0x442 src\coolant_control.o
 .debug_line    0x00002a1f      0x42f src\eeprom.o
 .debug_line    0x00002e4e      0x827 src\gcode.o
 .debug_line    0x00003675      0x35e src\jog.o
 .debug_line    0x000039d3      0x62a src\limits.o